// Jest Snapshot v1, https://goo.gl/fbAQLP

exports[`Generated Java Runtime Unit Tests Synth 1`] = `
{
  ".gitattributes": "# ~~ Generated by projen. To modify, edit src/test/java/projenrc.java and run "npx projen".

/.gitattributes linguist-generated
/.github/workflows/pull-request-lint.yml linguist-generated
/.gitignore linguist-generated
/.openapi-generator-ignore linguist-generated
/.projen/** linguist-generated
/.projen/deps.json linguist-generated
/.projen/files.json linguist-generated
/.projen/tasks.json linguist-generated
/openapitools.json linguist-generated
/pom.xml linguist-generated",
  ".github/workflows/pull-request-lint.yml": "# ~~ Generated by projen. To modify, edit src/test/java/projenrc.java and run "npx projen".

name: pull-request-lint
on:
  pull_request_target:
    types:
      - labeled
      - opened
      - synchronize
      - reopened
      - ready_for_review
      - edited
jobs:
  validate:
    name: Validate PR title
    runs-on: ubuntu-latest
    permissions:
      pull-requests: write
    steps:
      - uses: amannn/action-semantic-pull-request@v5.0.2
        env:
          GITHUB_TOKEN: \${{ secrets.GITHUB_TOKEN }}
        with:
          types: |-
            feat
            fix
            chore
          requireScope: false
",
  ".gitignore": "# ~~ Generated by projen. To modify, edit src/test/java/projenrc.java and run "npx projen".
node_modules/
!/.gitattributes
!/.projen/tasks.json
!/.projen/deps.json
!/.projen/files.json
!/.github/workflows/pull-request-lint.yml
!/pom.xml
.classpath
.project
.settings
target
dist/java
!/.openapi-generator-ignore
!/openapitools.json
src
docs
api
README.md
.openapi-generator
",
  ".openapi-generator-ignore": "# ~~ Generated by projen. To modify, edit src/test/java/projenrc.java and run "npx projen".
.gitignore
pom.xml
gradle
gradle/**/*
gradlew
gradle.properties
gradlew.bat
build.gradle
settings.gradle
build.sbt
.travis.yml
git_push.sh
src/test
src/test/**/*
src/main/AndroidManifest.xml
",
  ".projen/deps.json": {
    "//": "~~ Generated by projen. To modify, edit src/test/java/projenrc.java and run "npx projen".",
    "dependencies": [
      {
        "metadata": {
          "configuration": {
            "source": "1.8",
            "target": "1.8",
          },
        },
        "name": "org.apache.maven.plugins/maven-compiler-plugin",
        "type": "build",
        "version": "3.8.1",
      },
      {
        "metadata": {
          "configuration": {
            "rules": [
              {
                "requireMavenVersion": [
                  {
                    "version": "3.6",
                  },
                ],
              },
            ],
          },
          "executions": [
            {
              "goals": [
                "enforce",
              ],
              "id": "enforce-maven",
            },
          ],
        },
        "name": "org.apache.maven.plugins/maven-enforcer-plugin",
        "type": "build",
        "version": "3.0.0-M3",
      },
      {
        "metadata": {
          "configuration": {
            "archive": {
              "index": true,
              "manifest": {
                "addDefaultImplementationEntries": true,
                "addDefaultSpecificationEntries": true,
              },
            },
          },
        },
        "name": "org.apache.maven.plugins/maven-jar-plugin",
        "type": "build",
        "version": "3.2.0",
      },
      {
        "metadata": {
          "configuration": {
            "additionalJOptions": {
              "additionalJOption": [
                "-J-XX:+TieredCompilation",
                "-J-XX:TieredStopAtLevel=1",
              ],
            },
            "detectJavaApiLink": false,
            "failOnError": false,
            "show": "protected",
          },
          "executions": [
            {
              "goals": [
                "jar",
              ],
              "id": "attach-javadocs",
            },
          ],
        },
        "name": "org.apache.maven.plugins/maven-javadoc-plugin",
        "type": "build",
        "version": "3.2.0",
      },
      {
        "metadata": {
          "executions": [
            {
              "goals": [
                "jar",
              ],
              "id": "attach-sources",
            },
          ],
        },
        "name": "org.apache.maven.plugins/maven-source-plugin",
        "type": "build",
        "version": "3.2.1",
      },
      {
        "name": "org.codehaus.mojo/exec-maven-plugin",
        "type": "build",
        "version": "3.0.0",
      },
      {
        "name": "com.amazonaws/aws-lambda-java-core",
        "type": "runtime",
        "version": "1.2.1",
      },
      {
        "name": "com.amazonaws/aws-lambda-java-events",
        "type": "runtime",
        "version": "3.11.0",
      },
      {
        "name": "com.google.code.findbugs/jsr305",
        "type": "runtime",
        "version": "3.0.2",
      },
      {
        "name": "com.google.code.gson/gson",
        "type": "runtime",
        "version": "2.9.1",
      },
      {
        "name": "com.squareup.okhttp3/logging-interceptor",
        "type": "runtime",
        "version": "4.10.0",
      },
      {
        "name": "com.squareup.okhttp3/okhttp",
        "type": "runtime",
        "version": "4.10.0",
      },
      {
        "name": "io.gsonfire/gson-fire",
        "type": "runtime",
        "version": "1.8.5",
      },
      {
        "name": "io.swagger/swagger-annotations",
        "type": "runtime",
        "version": "1.6.8",
      },
      {
        "name": "jakarta.annotation/jakarta.annotation-api",
        "type": "runtime",
        "version": "1.3.5",
      },
      {
        "name": "javax.ws.rs/javax.ws.rs-api",
        "type": "runtime",
        "version": "2.1.1",
      },
      {
        "name": "javax.ws.rs/jsr311-api",
        "type": "runtime",
        "version": "1.1.1",
      },
      {
        "name": "org.apache.commons/commons-lang3",
        "type": "runtime",
        "version": "3.12.0",
      },
      {
        "name": "org.openapitools/jackson-databind-nullable",
        "type": "runtime",
        "version": "0.2.4",
      },
      {
        "name": "org.projectlombok/lombok",
        "type": "runtime",
        "version": "1.18.24",
      },
      {
        "name": "io.github.cdklabs/projen",
        "type": "test",
        "version": "99.99.99",
      },
      {
        "name": "org.junit.jupiter/junit-jupiter-api",
        "type": "test",
        "version": "5.9.1",
      },
      {
        "name": "org.mockito/mockito-core",
        "type": "test",
        "version": "3.12.4",
      },
    ],
  },
  ".projen/files.json": {
    "//": "~~ Generated by projen. To modify, edit src/test/java/projenrc.java and run "npx projen".",
    "files": [
      ".gitattributes",
      ".github/workflows/pull-request-lint.yml",
      ".gitignore",
      ".openapi-generator-ignore",
      ".projen/deps.json",
      ".projen/files.json",
      ".projen/tasks.json",
      "openapitools.json",
      "pom.xml",
    ],
  },
  ".projen/tasks.json": {
    "//": "~~ Generated by projen. To modify, edit src/test/java/projenrc.java and run "npx projen".",
    "tasks": {
      "build": {
        "description": "Full release build",
        "name": "build",
        "steps": [
          {
            "spawn": "default",
          },
          {
            "spawn": "pre-compile",
          },
          {
            "spawn": "compile",
          },
          {
            "spawn": "post-compile",
          },
          {
            "spawn": "test",
          },
          {
            "spawn": "package",
          },
        ],
      },
      "clobber": {
        "condition": "git diff --exit-code > /dev/null",
        "description": "hard resets to HEAD of origin and cleans the local repo",
        "env": {
          "BRANCH": "$(git branch --show-current)",
        },
        "name": "clobber",
        "steps": [
          {
            "exec": "git checkout -b scratch",
            "name": "save current HEAD in "scratch" branch",
          },
          {
            "exec": "git checkout $BRANCH",
          },
          {
            "exec": "git fetch origin",
            "name": "fetch latest changes from origin",
          },
          {
            "exec": "git reset --hard origin/$BRANCH",
            "name": "hard reset to origin commit",
          },
          {
            "exec": "git clean -fdx",
            "name": "clean all untracked files",
          },
          {
            "say": "ready to rock! (unpushed commits are under the "scratch" branch)",
          },
        ],
      },
      "compile": {
        "description": "Only compile",
        "name": "compile",
        "steps": [
          {
            "exec": "mvn compiler:compile",
          },
        ],
      },
      "default": {
        "description": "Synthesize project files",
        "name": "default",
        "steps": [
          {
            "exec": "mvn compiler:testCompile --quiet",
          },
          {
            "exec": "mvn exec:java --quiet -Dexec.mainClass=projenrc -Dexec.classpathScope="test"",
          },
        ],
      },
      "eject": {
        "description": "Remove projen from the project",
        "env": {
          "PROJEN_EJECTING": "true",
        },
        "name": "eject",
        "steps": [
          {
            "spawn": "default",
          },
        ],
      },
      "generate": {
        "name": "generate",
        "steps": [
          {
            "exec": "npx --yes -p @aws-prototyping-sdk/type-safe-api@0.0.0 clean-openapi-generated-code --code-path .",
          },
          {
            "exec": "npx --yes -p @aws-prototyping-sdk/type-safe-api@0.0.0 generate --generator java --spec-path my-spec.json --output-path . --generator-dir java --src-dir src/main/java/test/test-java-runtime/runtime --additional-properties "useSingleRequestParameter=true,groupId=test,artifactId=com.aws.pdk.test,artifactVersion=1.0.0,invokerPackage=test.test-java-runtime.runtime,apiPackage=test.test-java-runtime.runtime.api,modelPackage=test.test-java-runtime.runtime.model,hideGenerationTimestamp=true,additionalModelTypeAnnotations=@lombok.AllArgsConstructor\\ @lombok.experimental.SuperBuilder" --openapi-normalizer "KEEP_ONLY_FIRST_TAG_IN_OPERATION=true"",
          },
        ],
      },
      "package": {
        "description": "Creates the distribution package",
        "env": {
          "MAVEN_OPTS": "-XX:+TieredCompilation -XX:TieredStopAtLevel=1",
        },
        "name": "package",
        "steps": [
          {
            "exec": "mkdir -p dist/java",
          },
          {
            "exec": "mvn deploy -D=altDeploymentRepository=local::default::file:///$PWD/dist/java",
          },
        ],
      },
      "post-compile": {
        "description": "Runs after successful compilation",
        "name": "post-compile",
      },
      "pre-compile": {
        "description": "Prepare the project for compilation",
        "name": "pre-compile",
        "steps": [
          {
            "spawn": "generate",
          },
        ],
      },
      "test": {
        "description": "Run tests",
        "name": "test",
      },
    },
  },
  "README.md": "# replace this",
  "openapitools.json": {
    "$schema": "node_modules/@openapitools/openapi-generator-cli/config.schema.json",
    "//": "~~ Generated by projen. To modify, edit src/test/java/projenrc.java and run "npx projen".",
    "generator-cli": {
      "storageDir": "~/.open-api-generator-cli",
      "version": "6.3.0",
    },
    "spaces": 2,
  },
  "pom.xml": "<?xml version="1.0" encoding="UTF-8"?>
<project xsi:schemaLocation="http://maven.apache.org/POM/4.0.0 http://maven.apache.org/xsd/maven-4.0.0.xsd" xmlns="http://maven.apache.org/POM/4.0.0" xmlns:xsi="http://www.w3.org/2001/XMLSchema-instance">
    <modelVersion>4.0.0</modelVersion>
    <groupId>test</groupId>
    <artifactId>com.aws.pdk.test</artifactId>
    <version>1.0.0</version>
    <packaging>jar</packaging>
    <name>test-java-runtime</name>
    <properties>
        <project.build.sourceEncoding>UTF-8</project.build.sourceEncoding>
    </properties>
    <build>
        <plugins>
            <plugin>
                <groupId>org.apache.maven.plugins</groupId>
                <artifactId>maven-compiler-plugin</artifactId>
                <version>3.8.1</version>
                <configuration>
                    <source>1.8</source>
                    <target>1.8</target>
                </configuration>
            </plugin>
            <plugin>
                <groupId>org.apache.maven.plugins</groupId>
                <artifactId>maven-enforcer-plugin</artifactId>
                <version>3.0.0-M3</version>
                <configuration>
                    <rules>
                        <requireMavenVersion>
                            <version>3.6</version>
                        </requireMavenVersion>
                    </rules>
                </configuration>
                <executions>
                    <execution>
                        <id>enforce-maven</id>
                        <goals>
                            <goal>enforce</goal>
                        </goals>
                    </execution>
                </executions>
            </plugin>
            <plugin>
                <groupId>org.apache.maven.plugins</groupId>
                <artifactId>maven-jar-plugin</artifactId>
                <version>3.2.0</version>
                <configuration>
                    <archive>
                        <index>true</index>
                        <manifest>
                            <addDefaultImplementationEntries>true</addDefaultImplementationEntries>
                            <addDefaultSpecificationEntries>true</addDefaultSpecificationEntries>
                        </manifest>
                    </archive>
                </configuration>
            </plugin>
            <plugin>
                <groupId>org.apache.maven.plugins</groupId>
                <artifactId>maven-javadoc-plugin</artifactId>
                <version>3.2.0</version>
                <configuration>
                    <failOnError>false</failOnError>
                    <show>protected</show>
                    <detectJavaApiLink>false</detectJavaApiLink>
                    <additionalJOptions>
                        <additionalJOption>-J-XX:+TieredCompilation</additionalJOption>
                        <additionalJOption>-J-XX:TieredStopAtLevel=1</additionalJOption>
                    </additionalJOptions>
                </configuration>
                <executions>
                    <execution>
                        <id>attach-javadocs</id>
                        <goals>
                            <goal>jar</goal>
                        </goals>
                    </execution>
                </executions>
            </plugin>
            <plugin>
                <groupId>org.apache.maven.plugins</groupId>
                <artifactId>maven-source-plugin</artifactId>
                <version>3.2.1</version>
                <executions>
                    <execution>
                        <id>attach-sources</id>
                        <goals>
                            <goal>jar</goal>
                        </goals>
                    </execution>
                </executions>
            </plugin>
            <plugin>
                <groupId>org.codehaus.mojo</groupId>
                <artifactId>exec-maven-plugin</artifactId>
                <version>3.0.0</version>
            </plugin>
        </plugins>
    </build>
    <dependencies>
        <dependency>
            <groupId>com.amazonaws</groupId>
            <artifactId>aws-lambda-java-core</artifactId>
            <version>1.2.1</version>
        </dependency>
        <dependency>
            <groupId>com.amazonaws</groupId>
            <artifactId>aws-lambda-java-events</artifactId>
            <version>3.11.0</version>
        </dependency>
        <dependency>
            <groupId>com.google.code.findbugs</groupId>
            <artifactId>jsr305</artifactId>
            <version>3.0.2</version>
        </dependency>
        <dependency>
            <groupId>com.google.code.gson</groupId>
            <artifactId>gson</artifactId>
            <version>2.9.1</version>
        </dependency>
        <dependency>
            <groupId>com.squareup.okhttp3</groupId>
            <artifactId>logging-interceptor</artifactId>
            <version>4.10.0</version>
        </dependency>
        <dependency>
            <groupId>com.squareup.okhttp3</groupId>
            <artifactId>okhttp</artifactId>
            <version>4.10.0</version>
        </dependency>
        <dependency>
            <groupId>io.gsonfire</groupId>
            <artifactId>gson-fire</artifactId>
            <version>1.8.5</version>
        </dependency>
        <dependency>
            <groupId>io.swagger</groupId>
            <artifactId>swagger-annotations</artifactId>
            <version>1.6.8</version>
        </dependency>
        <dependency>
            <groupId>jakarta.annotation</groupId>
            <artifactId>jakarta.annotation-api</artifactId>
            <version>1.3.5</version>
        </dependency>
        <dependency>
            <groupId>javax.ws.rs</groupId>
            <artifactId>javax.ws.rs-api</artifactId>
            <version>2.1.1</version>
        </dependency>
        <dependency>
            <groupId>javax.ws.rs</groupId>
            <artifactId>jsr311-api</artifactId>
            <version>1.1.1</version>
        </dependency>
        <dependency>
            <groupId>org.apache.commons</groupId>
            <artifactId>commons-lang3</artifactId>
            <version>3.12.0</version>
        </dependency>
        <dependency>
            <groupId>org.openapitools</groupId>
            <artifactId>jackson-databind-nullable</artifactId>
            <version>0.2.4</version>
        </dependency>
        <dependency>
            <groupId>org.projectlombok</groupId>
            <artifactId>lombok</artifactId>
            <version>1.18.24</version>
        </dependency>
        <dependency>
            <groupId>io.github.cdklabs</groupId>
            <artifactId>projen</artifactId>
            <version>99.99.99</version>
            <scope>test</scope>
        </dependency>
        <dependency>
            <groupId>org.junit.jupiter</groupId>
            <artifactId>junit-jupiter-api</artifactId>
            <version>5.9.1</version>
            <scope>test</scope>
        </dependency>
        <dependency>
            <groupId>org.mockito</groupId>
            <artifactId>mockito-core</artifactId>
            <version>3.12.4</version>
            <scope>test</scope>
        </dependency>
    </dependencies>
</project>
<!-- ~~ Generated by projen. To modify, edit src/test/java/projenrc.java and run "npx projen". -->",
}
`;
