// Jest Snapshot v1, https://goo.gl/fbAQLP

exports[`Generated Python Async Runtime Unit Tests Synth 1`] = `
{
  ".gitattributes": "# ~~ Generated by projen. To modify, edit .projenrc.py and run "npx projen".

/.gitattributes linguist-generated
/.github/workflows/pull-request-lint.yml linguist-generated
/.gitignore linguist-generated
/.openapi-generator-ignore linguist-generated
/.pdk/dynamic-files/openapitools.json linguist-generated
/.projen/** linguist-generated
/.projen/deps.json linguist-generated
/.projen/files.json linguist-generated
/.projen/tasks.json linguist-generated
/pyproject.toml linguist-generated",
  ".github/workflows/pull-request-lint.yml": "# ~~ Generated by projen. To modify, edit .projenrc.py and run "npx projen".

name: pull-request-lint
on:
  pull_request_target:
    types:
      - labeled
      - opened
      - synchronize
      - reopened
      - ready_for_review
      - edited
jobs:
  validate:
    name: Validate PR title
    runs-on: ubuntu-latest
    permissions:
      pull-requests: write
    steps:
      - uses: amannn/action-semantic-pull-request@v5.4.0
        env:
          GITHUB_TOKEN: \${{ secrets.GITHUB_TOKEN }}
        with:
          types: |-
            feat
            fix
            chore
          requireScope: false
",
  ".gitignore": "# ~~ Generated by projen. To modify, edit .projenrc.py and run "npx projen".
node_modules/
!/.gitattributes
!/.projen/tasks.json
!/.projen/deps.json
!/.projen/files.json
!/.github/workflows/pull-request-lint.yml
!/pyproject.toml
/poetry.toml
__pycache__/
*.py[cod]
*$py.class
*.so
.Python
build/
develop-eggs/
dist/
downloads/
eggs/
.eggs/
lib/
lib64/
parts/
sdist/
var/
wheels/
share/python-wheels/
*.egg-info/
.installed.cfg
*.egg
MANIFEST
*.manifest
*.spec
pip-log.txt
pip-delete-this-directory.txt
htmlcov/
.tox/
.nox/
.coverage
.coverage.*
.cache
nosetests.xml
coverage.xml
*.cover
*.py,cover
.hypothesis/
.pytest_cache/
cover/
*.mo
*.pot
*.log
local_settings.py
db.sqlite3
db.sqlite3-journal
instance/
.webassets-cache
.scrapy
docs/_build/
.pybuilder/
target/
.ipynb_checkpoints
profile_default/
ipython_config.py
__pypackages__/
celerybeat-schedule
celerybeat.pid
*.sage.py
.env
.venv
env/
venv/
ENV/
env.bak/
venv.bak/
.spyderproject
.spyproject
.ropeproject
/site
.mypy_cache/
.dmypy.json
dmypy.json
.pyre/
.pytype/
cython_debug/
!/.openapi-generator-ignore
!/.pdk/dynamic-files/openapitools.json
/openapitools.json
test
docs
README.md
.openapi-generator
!/.projenrc.py
",
  ".openapi-generator-ignore": "# ~~ Generated by projen. To modify, edit .projenrc.py and run "npx projen".
.gitignore
test
test/*
test/**/*
.github
.github/*
.github/**/*
.gitlab-ci.yml
.travis.yml
git_push.sh
tox.ini
requirements.txt
test-requirements.txt
setup.py
setup.cfg
pyproject.toml
",
  ".pdk/dynamic-files/openapitools.json": {
    "$schema": "node_modules/@openapitools/openapi-generator-cli/config.schema.json",
    "//": "~~ Generated by projen. To modify, edit .projenrc.py and run "npx projen".",
    "generator-cli": {
      "storageDir": "~/.open-api-generator-cli",
      "version": "7.1.0",
    },
    "spaces": 2,
  },
  ".projen/deps.json": {
    "//": "~~ Generated by projen. To modify, edit .projenrc.py and run "npx projen".",
    "dependencies": [
      {
        "name": "projen",
        "type": "devenv",
        "version": "99.99.99",
      },
      {
        "name": "aenum",
        "type": "runtime",
        "version": "^3.1.11",
      },
      {
        "name": "aws-lambda-powertools",
        "type": "runtime",
        "version": "{extras=["tracer", "aws-sdk"],version="^2.28.0"}",
      },
      {
        "name": "pydantic",
        "type": "runtime",
        "version": "^2.5.2",
      },
      {
        "name": "python-dateutil",
        "type": "runtime",
        "version": "~2.8.2",
      },
      {
        "name": "python",
        "type": "runtime",
        "version": "^3.9",
      },
      {
        "name": "urllib3",
        "type": "runtime",
        "version": "~1.26.7",
      },
    ],
  },
  ".projen/files.json": {
    "//": "~~ Generated by projen. To modify, edit .projenrc.py and run "npx projen".",
    "files": [
      ".gitattributes",
      ".github/workflows/pull-request-lint.yml",
      ".gitignore",
      ".openapi-generator-ignore",
      ".pdk/dynamic-files/openapitools.json",
      ".projen/deps.json",
      ".projen/files.json",
      ".projen/tasks.json",
      "poetry.toml",
      "pyproject.toml",
    ],
  },
  ".projen/tasks.json": {
    "//": "~~ Generated by projen. To modify, edit .projenrc.py and run "npx projen".",
    "env": {
      "AWS_PDK_VERSION": "0.0.0",
      "PATH": "$(echo $(poetry env info -p)/bin:$PATH)",
      "VIRTUAL_ENV": "$(poetry env info -p || poetry run poetry env info -p)",
    },
    "tasks": {
      "build": {
        "description": "Full release build",
        "name": "build",
        "steps": [
          {
            "spawn": "default",
          },
          {
            "spawn": "pre-compile",
          },
          {
            "spawn": "compile",
          },
          {
            "spawn": "post-compile",
          },
          {
            "spawn": "test",
          },
          {
            "spawn": "package",
          },
        ],
      },
      "clobber": {
        "condition": "git diff --exit-code > /dev/null",
        "description": "hard resets to HEAD of origin and cleans the local repo",
        "env": {
          "BRANCH": "$(git branch --show-current)",
        },
        "name": "clobber",
        "steps": [
          {
            "exec": "git checkout -b scratch",
            "name": "save current HEAD in "scratch" branch",
          },
          {
            "exec": "git checkout $BRANCH",
          },
          {
            "exec": "git fetch origin",
            "name": "fetch latest changes from origin",
          },
          {
            "exec": "git reset --hard origin/$BRANCH",
            "name": "hard reset to origin commit",
          },
          {
            "exec": "git clean -fdx",
            "name": "clean all untracked files",
          },
          {
            "say": "ready to rock! (unpushed commits are under the "scratch" branch)",
          },
        ],
      },
      "compile": {
        "description": "Only compile",
        "name": "compile",
      },
      "create-openapitools.json": {
        "name": "create-openapitools.json",
        "steps": [
          {
            "exec": "cp -f .pdk/dynamic-files/openapitools.json openapitools.json",
          },
        ],
      },
      "default": {
        "description": "Synthesize project files",
        "name": "default",
        "steps": [
          {
            "exec": "python .projenrc.py",
          },
        ],
      },
      "eject": {
        "description": "Remove projen from the project",
        "env": {
          "PROJEN_EJECTING": "true",
        },
        "name": "eject",
        "steps": [
          {
            "spawn": "default",
          },
        ],
      },
      "generate": {
        "name": "generate",
        "steps": [
          {
            "spawn": "create-openapitools.json",
          },
          {
            "exec": "npx --yes -p @aws/pdk@$AWS_PDK_VERSION type-safe-api.clean-openapi-generated-code --code-path .",
          },
          {
            "exec": "npx --yes -p @aws/pdk@$AWS_PDK_VERSION type-safe-api.generate --generator python --spec-path my-spec.json --output-path . --generator-dir python-async-runtime --src-dir test --tst-dir test --additional-properties "packageName=test,projectName=test-python-runtime" --openapi-normalizer "KEEP_ONLY_FIRST_TAG_IN_OPERATION=true" --generate-alias-as-model",
          },
        ],
      },
      "install": {
        "description": "Install dependencies and update lockfile",
        "name": "install",
        "steps": [
          {
            "exec": "mkdir -p test && touch test/__init__.py",
          },
          {
            "exec": "poetry update",
          },
        ],
      },
      "install:ci": {
        "description": "Install dependencies with frozen lockfile",
        "name": "install:ci",
        "steps": [
          {
            "exec": "mkdir -p test && touch test/__init__.py",
          },
          {
            "exec": "poetry check --lock && poetry install",
          },
        ],
      },
      "package": {
        "description": "Creates the distribution package",
        "name": "package",
        "steps": [
          {
            "exec": "poetry build",
          },
        ],
      },
      "post-compile": {
        "description": "Runs after successful compilation",
        "name": "post-compile",
      },
      "pre-compile": {
        "description": "Prepare the project for compilation",
        "name": "pre-compile",
        "steps": [
          {
            "spawn": "generate",
          },
        ],
      },
      "publish": {
        "description": "Uploads the package to PyPI.",
        "name": "publish",
        "steps": [
          {
            "exec": "poetry publish",
          },
        ],
      },
      "publish:test": {
        "description": "Uploads the package against a test PyPI endpoint.",
        "name": "publish:test",
        "steps": [
          {
            "exec": "poetry publish -r testpypi",
          },
        ],
      },
      "test": {
        "description": "Run tests",
        "name": "test",
      },
    },
  },
  "README.md": "# replace this",
  "poetry.toml": "# ~~ Generated by projen. To modify, edit .projenrc.py and run "npx projen".

[repositories.testpypi]
url = "https://test.pypi.org/legacy/"
",
  "pyproject.toml": "# ~~ Generated by projen. To modify, edit .projenrc.py and run "npx projen".

[tool.poetry]
name = "test-python-runtime"
version = "1.0.0"
description = ""
authors = [ "test <me@example.com>" ]
readme = "README.md"
include = [ "test", "test/**/*.py" ]

  [[tool.poetry.packages]]
  include = "test"

  [tool.poetry.dependencies]
  aenum = "^3.1.11"
  pydantic = "^2.5.2"
  python-dateutil = "~2.8.2"
  python = "^3.9"
  urllib3 = "~1.26.7"

    [tool.poetry.dependencies.aws-lambda-powertools]
    extras = [ "tracer", "aws-sdk" ]
    version = "^2.28.0"

[tool.poetry.group.dev.dependencies]
projen = "99.99.99"

[build-system]
requires = [ "poetry-core" ]
build-backend = "poetry.core.masonry.api"
",
}
`;
