// Jest Snapshot v1, https://goo.gl/fbAQLP

exports[`Docs Generation Script Unit Tests Generates markdown 1`] = `
{
  ".tsapi-manifest": "README.md
Apis/DefaultApi.md
Models/ApiError.md
Models/MapResponse.md
Models/MapResponseMapPropertyValue.md
Models/TestRequest.md
Models/TestResponse.md
Models/TestResponseMessagesInner.md",
  "Apis/DefaultApi.md": "# DefaultApi
    

| Method | HTTP request | Description |
|------------- | ------------- | -------------|
| [**anyRequestResponse**](DefaultApi.md#anyRequestResponse) | **PUT** /any-request-response |  |
| [**empty**](DefaultApi.md#empty) | **PUT** /empty-response |  |
| [**mapResponse**](DefaultApi.md#mapResponse) | **GET** /map-response |  |
| [**mediaTypes**](DefaultApi.md#mediaTypes) | **POST** /different-media-type |  |
| [**multipleContentTypes**](DefaultApi.md#multipleContentTypes) | **POST** /multiple-content-types |  |
| [**operationOne**](DefaultApi.md#operationOne) | **POST** /path/{pathParam} |  |
| [**withoutOperationIdDelete**](DefaultApi.md#withoutOperationIdDelete) | **DELETE** /without-operation-id |  |

<a name="anyRequestResponse"></a>
# **anyRequestResponse**
> Object anyRequestResponse(body)


### Parameters
|Name | Type | Description  | Notes |
|------------- | ------------- | ------------- | -------------|
| **body** | **Object**|  | [optional] |

### Return type

**Object**

### HTTP request headers

- **Content-Type**: application/json
- **Accept**: application/json

<a name="empty"></a>
# **empty**
> empty()


### Parameters
This endpoint does not need any parameters.

### Return type

null (empty response body)

### HTTP request headers

- **Content-Type**: Not defined
- **Accept**: Not defined

<a name="mapResponse"></a>
# **mapResponse**
> MapResponse mapResponse()


### Parameters
This endpoint does not need any parameters.

### Return type

[**MapResponse**](../Models/MapResponse.md)

### HTTP request headers

- **Content-Type**: Not defined
- **Accept**: application/json

<a name="mediaTypes"></a>
# **mediaTypes**
> String mediaTypes(body)


### Parameters
|Name | Type | Description  | Notes |
|------------- | ------------- | ------------- | -------------|
| **body** | **byte[]**|  | |

### Return type

**String**

### HTTP request headers

- **Content-Type**: application/pdf
- **Accept**: application/x-mpegurl

<a name="multipleContentTypes"></a>
# **multipleContentTypes**
> String multipleContentTypes(body)


### Parameters
|Name | Type | Description  | Notes |
|------------- | ------------- | ------------- | -------------|
| **body** | [**TestRequest**](../Models/TestRequest.md)|  | |

### Return type

**String**

### HTTP request headers

- **Content-Type**: application/json, application/pdf
- **Accept**: application/json

<a name="operationOne"></a>
# **operationOne**
> TestResponse operationOne(param1, param2, param3, pathParam, x-header-param, body, param4, x-multi-value-header-param)


### Parameters
|Name | Type | Description  | Notes |
|------------- | ------------- | ------------- | -------------|
| **param1** | **String**| This is parameter 1 | |
| **param2** | **List<String>**| This is parameter 2 | |
| **param3** | **BigDecimal**|  | |
| **pathParam** | **String**|  | |
| **x-header-param** | **String**| This is a header parameter | |
| **body** | [**TestRequest**](../Models/TestRequest.md)|  | |
| **param4** | **String**|  | [optional] |
| **x-multi-value-header-param** | **List<String>**|  | [optional] |

### Return type

[**TestResponse**](../Models/TestResponse.md)

### HTTP request headers

- **Content-Type**: application/json
- **Accept**: application/json

<a name="withoutOperationIdDelete"></a>
# **withoutOperationIdDelete**
> TestResponse withoutOperationIdDelete()


### Parameters
This endpoint does not need any parameters.

### Return type

[**TestResponse**](../Models/TestResponse.md)

### HTTP request headers

- **Content-Type**: Not defined
- **Accept**: application/json

",
  "Models/ApiError.md": "# ApiError
## Properties

| Name | Type | Description | Notes |
|------------ | ------------- | ------------- | -------------|
| **errorMessage** | **String** |  |  |

[[Back to Model list]](../README.md#documentation-for-models) [[Back to API list]](../README.md#documentation-for-api-endpoints) [[Back to README]](../README.md)

",
  "Models/MapResponse.md": "# MapResponse
## Properties

| Name | Type | Description | Notes |
|------------ | ------------- | ------------- | -------------|
| **mapProperty** | **Map<String, MapResponseMapPropertyValue>** |  |  |

[[Back to Model list]](../README.md#documentation-for-models) [[Back to API list]](../README.md#documentation-for-api-endpoints) [[Back to README]](../README.md)

",
  "Models/MapResponseMapPropertyValue.md": "# MapResponseMapPropertyValue
## Properties

| Name | Type | Description | Notes |
|------------ | ------------- | ------------- | -------------|
| **a** | **String** |  |  |
| **b** | **String** |  | [optional]  |

[[Back to Model list]](../README.md#documentation-for-models) [[Back to API list]](../README.md#documentation-for-api-endpoints) [[Back to README]](../README.md)

",
  "Models/TestRequest.md": "# TestRequest
## Properties

| Name | Type | Description | Notes |
|------------ | ------------- | ------------- | -------------|
| **myInput** | **BigDecimal** |  | [optional]  |

[[Back to Model list]](../README.md#documentation-for-models) [[Back to API list]](../README.md#documentation-for-api-endpoints) [[Back to README]](../README.md)

",
  "Models/TestResponse.md": "# TestResponse
## Properties

| Name | Type | Description | Notes |
|------------ | ------------- | ------------- | -------------|
| **messages** | **List<TestResponseMessagesInner>** |  |  |

[[Back to Model list]](../README.md#documentation-for-models) [[Back to API list]](../README.md#documentation-for-api-endpoints) [[Back to README]](../README.md)

",
  "Models/TestResponseMessagesInner.md": "# TestResponseMessagesInner
## Properties

| Name | Type | Description | Notes |
|------------ | ------------- | ------------- | -------------|
| **message** | **String** | This is a message | [optional]  |
| **id** | **Integer** |  |  |

[[Back to Model list]](../README.md#documentation-for-models) [[Back to API list]](../README.md#documentation-for-api-endpoints) [[Back to README]](../README.md)

",
  "README.md": "# Documentation for Example API

<a name="documentation-for-api-endpoints"></a>
## Documentation for API Endpoints

| Class | Method | HTTP request | Description |
|------------ | ------------- | ------------- | -------------|
| *DefaultApi* | [**anyRequestResponse**](Apis/DefaultApi.md#anyRequestResponse) | **PUT** /any-request-response |  |
| *DefaultApi* | [**empty**](Apis/DefaultApi.md#empty) | **PUT** /empty-response |  |
| *DefaultApi* | [**mapResponse**](Apis/DefaultApi.md#mapResponse) | **GET** /map-response |  |
| *DefaultApi* | [**mediaTypes**](Apis/DefaultApi.md#mediaTypes) | **POST** /different-media-type |  |
| *DefaultApi* | [**multipleContentTypes**](Apis/DefaultApi.md#multipleContentTypes) | **POST** /multiple-content-types |  |
| *DefaultApi* | [**operationOne**](Apis/DefaultApi.md#operationOne) | **POST** /path/{pathParam} |  |
| *DefaultApi* | [**withoutOperationIdDelete**](Apis/DefaultApi.md#withoutOperationIdDelete) | **DELETE** /without-operation-id |  |

<a name="documentation-for-models"></a>
## Documentation for Models

 - [ApiError](./Models/ApiError.md)
 - [MapResponse](./Models/MapResponse.md)
 - [MapResponseMapPropertyValue](./Models/MapResponseMapPropertyValue.md)
 - [TestRequest](./Models/TestRequest.md)
 - [TestResponse](./Models/TestResponse.md)
 - [TestResponseMessagesInner](./Models/TestResponseMessagesInner.md)
",
}
`;

exports[`Docs Generation Script Unit Tests Generates plantuml 1`] = `
{
  ".tsapi-manifest": "schemas.plantuml",
  "schemas.plantuml": "@startuml

title Example API Schemas Diagram

entity ApiError {
    * errorMessage: String
}

entity MapResponse {
    * mapProperty: Map<String, MapResponseMapPropertyValue>
}

entity MapResponseMapPropertyValue {
    * a: String
    b: String
}

entity TestRequest {
    myInput: BigDecimal
}

entity TestResponse {
    * messages: List<TestResponseMessagesInner>
}

entity TestResponseMessagesInner {
    message: String
    * id: Integer
}


MapResponse -- "0..*" MapResponseMapPropertyValue : mapProperty
TestResponse -- "0..*" TestResponseMessagesInner : messages

@enduml",
}
`;
