// Jest Snapshot v1, https://goo.gl/fbAQLP

exports[`RuntimeVersionUtils Java maps maven compile options for JAVA_8 1`] = `
{
  "source": "1.8",
  "target": "1.8",
}
`;

exports[`RuntimeVersionUtils Java maps maven compile options for JAVA_11 1`] = `
{
  "source": "11",
  "target": "11",
}
`;

exports[`RuntimeVersionUtils Java maps maven compile options for JAVA_17 1`] = `
{
  "source": "17",
  "target": "17",
}
`;

exports[`RuntimeVersionUtils Java maps maven compile options for JAVA_21 1`] = `
{
  "source": "21",
  "target": "21",
}
`;

exports[`RuntimeVersionUtils Java maps the lambda runtime version for JAVA_8 1`] = `"JAVA_8_CORRETTO"`;

exports[`RuntimeVersionUtils Java maps the lambda runtime version for JAVA_11 1`] = `"JAVA_11"`;

exports[`RuntimeVersionUtils Java maps the lambda runtime version for JAVA_17 1`] = `"JAVA_17"`;

exports[`RuntimeVersionUtils Java maps the lambda runtime version for JAVA_21 1`] = `"JAVA_21"`;

exports[`RuntimeVersionUtils Node maps the esbuild target for NODE_18 1`] = `"node18"`;

exports[`RuntimeVersionUtils Node maps the esbuild target for NODE_20 1`] = `"node20"`;

exports[`RuntimeVersionUtils Node maps the lambda runtime version for NODE_18 1`] = `"NODEJS_18_X"`;

exports[`RuntimeVersionUtils Node maps the lambda runtime version for NODE_20 1`] = `"NODEJS_20_X"`;

exports[`RuntimeVersionUtils Python maps the lambda runtime version for PYTHON_3_11 1`] = `"PYTHON_3_11"`;

exports[`RuntimeVersionUtils Python maps the lambda runtime version for PYTHON_3_12 1`] = `"PYTHON_3_12"`;

exports[`RuntimeVersionUtils Python maps the pip packaging python version for PYTHON_3_11 1`] = `"3.11"`;

exports[`RuntimeVersionUtils Python maps the pip packaging python version for PYTHON_3_12 1`] = `"3.12"`;

exports[`RuntimeVersionUtils Python maps the python dependency version for PYTHON_3_11 1`] = `"python@^3.11"`;

exports[`RuntimeVersionUtils Python maps the python dependency version for PYTHON_3_12 1`] = `"python@^3.12"`;
