// Jest Snapshot v1, https://goo.gl/fbAQLP

exports[`Client Settings Unit Tests Custom-name client-settings file gets generated 1`] = `
Object {
  ".gitignore": "# ~~ Generated by projen. To modify, edit .projenrc.js and run \\"npx projen\\".
node_modules/
!/.gitattributes
!/.projen/tasks.json
!/.projen/deps.json
!/.projen/files.json
generated/custom-client-settings.json
",
  ".projen/files.json": Object {
    "//": "~~ Generated by projen. To modify, edit .projenrc.js and run \\"npx projen\\".",
    "files": Array [
      ".gitattributes",
      ".gitignore",
      ".projen/deps.json",
      ".projen/files.json",
      ".projen/tasks.json",
    ],
  },
  ".projen/tasks.json": Object {
    "//": "~~ Generated by projen. To modify, edit .projenrc.js and run \\"npx projen\\".",
    "tasks": Object {
      "build": Object {
        "description": "Full release build",
        "name": "build",
        "steps": Array [
          Object {
            "spawn": "default",
          },
          Object {
            "spawn": "pre-compile",
          },
          Object {
            "spawn": "compile",
          },
          Object {
            "spawn": "post-compile",
          },
          Object {
            "spawn": "test",
          },
          Object {
            "spawn": "package",
          },
        ],
      },
      "compile": Object {
        "description": "Only compile",
        "name": "compile",
      },
      "default": Object {
        "description": "Synthesize project files",
        "name": "default",
      },
      "eject": Object {
        "description": "Remove projen from the project",
        "env": Object {
          "PROJEN_EJECTING": "true",
        },
        "name": "eject",
        "steps": Array [
          Object {
            "spawn": "default",
          },
        ],
      },
      "package": Object {
        "description": "Creates the distribution package",
        "name": "package",
      },
      "post-compile": Object {
        "description": "Runs after successful compilation",
        "name": "post-compile",
      },
      "pre-compile": Object {
        "description": "Prepare the project for compilation",
        "name": "pre-compile",
      },
      "test": Object {
        "description": "Run tests",
        "name": "test",
      },
    },
  },
  "generated/custom-client-settings.json": Object {
    "//": "~~ Generated by projen. To modify, edit .projenrc.js and run \\"npx projen\\".",
    "clientLanguages": Array [
      "typescript",
    ],
    "documentationFormats": Array [
      "html2",
    ],
  },
}
`;

exports[`Client Settings Unit Tests Default client-settings file gets generated 1`] = `
Object {
  ".gitignore": "# ~~ Generated by projen. To modify, edit .projenrc.js and run \\"npx projen\\".
node_modules/
!/.gitattributes
!/.projen/tasks.json
!/.projen/deps.json
!/.projen/files.json
generated/.client-settings.json
",
  ".projen/files.json": Object {
    "//": "~~ Generated by projen. To modify, edit .projenrc.js and run \\"npx projen\\".",
    "files": Array [
      ".gitattributes",
      ".gitignore",
      ".projen/deps.json",
      ".projen/files.json",
      ".projen/tasks.json",
    ],
  },
  ".projen/tasks.json": Object {
    "//": "~~ Generated by projen. To modify, edit .projenrc.js and run \\"npx projen\\".",
    "tasks": Object {
      "build": Object {
        "description": "Full release build",
        "name": "build",
        "steps": Array [
          Object {
            "spawn": "default",
          },
          Object {
            "spawn": "pre-compile",
          },
          Object {
            "spawn": "compile",
          },
          Object {
            "spawn": "post-compile",
          },
          Object {
            "spawn": "test",
          },
          Object {
            "spawn": "package",
          },
        ],
      },
      "compile": Object {
        "description": "Only compile",
        "name": "compile",
      },
      "default": Object {
        "description": "Synthesize project files",
        "name": "default",
      },
      "eject": Object {
        "description": "Remove projen from the project",
        "env": Object {
          "PROJEN_EJECTING": "true",
        },
        "name": "eject",
        "steps": Array [
          Object {
            "spawn": "default",
          },
        ],
      },
      "package": Object {
        "description": "Creates the distribution package",
        "name": "package",
      },
      "post-compile": Object {
        "description": "Runs after successful compilation",
        "name": "post-compile",
      },
      "pre-compile": Object {
        "description": "Prepare the project for compilation",
        "name": "pre-compile",
      },
      "test": Object {
        "description": "Run tests",
        "name": "test",
      },
    },
  },
  "generated/.client-settings.json": Object {
    "//": "~~ Generated by projen. To modify, edit .projenrc.js and run \\"npx projen\\".",
    "clientLanguages": Array [
      "typescript",
    ],
    "documentationFormats": Array [
      "html2",
    ],
  },
}
`;
