// Jest Snapshot v1, https://goo.gl/fbAQLP

exports[`Typescript Async Hooks Code Generation Script Unit Tests Generates With single.yaml 1`] = `{}`;
