// Jest Snapshot v1, https://goo.gl/fbAQLP

exports[`Generated Java Handlers Code Unit Tests Synth 1`] = `
{
  ".gitattributes": "# ~~ Generated by projen. To modify, edit src/test/java/projenrc.java and run "npx projen".

/.gitattributes linguist-generated
/.github/workflows/pull-request-lint.yml linguist-generated
/.gitignore linguist-generated
/.openapi-generator-ignore linguist-generated
/.openapi-generator-ignore-handlebars linguist-generated
/.projen/** linguist-generated
/.projen/deps.json linguist-generated
/.projen/files.json linguist-generated
/.projen/tasks.json linguist-generated
/openapitools.json linguist-generated
/pom.xml linguist-generated",
  ".github/workflows/pull-request-lint.yml": "# ~~ Generated by projen. To modify, edit src/test/java/projenrc.java and run "npx projen".

name: pull-request-lint
on:
  pull_request_target:
    types:
      - labeled
      - opened
      - synchronize
      - reopened
      - ready_for_review
      - edited
jobs:
  validate:
    name: Validate PR title
    runs-on: ubuntu-latest
    permissions:
      pull-requests: write
    steps:
      - uses: amannn/action-semantic-pull-request@v5.0.2
        env:
          GITHUB_TOKEN: \${{ secrets.GITHUB_TOKEN }}
        with:
          types: |-
            feat
            fix
            chore
          requireScope: false
",
  ".gitignore": "# ~~ Generated by projen. To modify, edit src/test/java/projenrc.java and run "npx projen".
node_modules/
!/.gitattributes
!/.projen/tasks.json
!/.projen/deps.json
!/.projen/files.json
!/.github/workflows/pull-request-lint.yml
!/pom.xml
.classpath
.project
.settings
target
dist/java
!/.openapi-generator-ignore
!/.openapi-generator-ignore-handlebars
!/openapitools.json
.openapi-generator
",
  ".openapi-generator-ignore": "# ~~ Generated by projen. To modify, edit src/test/java/projenrc.java and run "npx projen".
.gitignore
/*
**/*
*
",
  ".openapi-generator-ignore-handlebars": "# ~~ Generated by projen. To modify, edit src/test/java/projenrc.java and run "npx projen".
/*
**/*
*
!src/main/java/test/test-java-handlers/handlers/__all_handlers.java
",
  ".projen/deps.json": {
    "//": "~~ Generated by projen. To modify, edit src/test/java/projenrc.java and run "npx projen".",
    "dependencies": [
      {
        "metadata": {
          "configuration": {
            "source": "1.8",
            "target": "1.8",
          },
        },
        "name": "org.apache.maven.plugins/maven-compiler-plugin",
        "type": "build",
        "version": "3.8.1",
      },
      {
        "metadata": {
          "configuration": {
            "rules": [
              {
                "requireMavenVersion": [
                  {
                    "version": "3.6",
                  },
                ],
              },
            ],
          },
          "executions": [
            {
              "goals": [
                "enforce",
              ],
              "id": "enforce-maven",
            },
          ],
        },
        "name": "org.apache.maven.plugins/maven-enforcer-plugin",
        "type": "build",
        "version": "3.0.0-M3",
      },
      {
        "metadata": {
          "configuration": {
            "archive": {
              "index": true,
              "manifest": {
                "addDefaultImplementationEntries": true,
                "addDefaultSpecificationEntries": true,
              },
            },
          },
        },
        "name": "org.apache.maven.plugins/maven-jar-plugin",
        "type": "build",
        "version": "3.2.0",
      },
      {
        "metadata": {
          "configuration": {
            "additionalJOptions": {
              "additionalJOption": [
                "-J-XX:+TieredCompilation",
                "-J-XX:TieredStopAtLevel=1",
              ],
            },
            "detectJavaApiLink": false,
            "failOnError": false,
            "show": "protected",
          },
          "executions": [
            {
              "goals": [
                "jar",
              ],
              "id": "attach-javadocs",
            },
          ],
        },
        "name": "org.apache.maven.plugins/maven-javadoc-plugin",
        "type": "build",
        "version": "3.2.0",
      },
      {
        "metadata": {
          "configuration": {
            "createDependencyReducedPom": false,
          },
          "executions": [
            {
              "goals": [
                "shade",
              ],
              "id": "shade-task",
              "phase": "package",
            },
          ],
        },
        "name": "org.apache.maven.plugins/maven-shade-plugin",
        "type": "build",
        "version": "3.3.0",
      },
      {
        "metadata": {
          "executions": [
            {
              "goals": [
                "jar",
              ],
              "id": "attach-sources",
            },
          ],
        },
        "name": "org.apache.maven.plugins/maven-source-plugin",
        "type": "build",
        "version": "3.2.1",
      },
      {
        "name": "org.codehaus.mojo/exec-maven-plugin",
        "type": "build",
        "version": "3.0.0",
      },
      {
        "name": "test/com.aws.pdk.test.runtime",
        "type": "runtime",
        "version": "1.0.0",
      },
    ],
  },
  ".projen/files.json": {
    "//": "~~ Generated by projen. To modify, edit src/test/java/projenrc.java and run "npx projen".",
    "files": [
      ".gitattributes",
      ".github/workflows/pull-request-lint.yml",
      ".gitignore",
      ".openapi-generator-ignore",
      ".openapi-generator-ignore-handlebars",
      ".projen/deps.json",
      ".projen/files.json",
      ".projen/tasks.json",
      "openapitools.json",
      "pom.xml",
    ],
  },
  ".projen/tasks.json": {
    "//": "~~ Generated by projen. To modify, edit src/test/java/projenrc.java and run "npx projen".",
    "tasks": {
      "build": {
        "description": "Full release build",
        "name": "build",
        "steps": [
          {
            "spawn": "default",
          },
          {
            "spawn": "pre-compile",
          },
          {
            "spawn": "compile",
          },
          {
            "spawn": "post-compile",
          },
          {
            "spawn": "test",
          },
          {
            "spawn": "package",
          },
        ],
      },
      "clobber": {
        "condition": "git diff --exit-code > /dev/null",
        "description": "hard resets to HEAD of origin and cleans the local repo",
        "env": {
          "BRANCH": "$(git branch --show-current)",
        },
        "name": "clobber",
        "steps": [
          {
            "exec": "git checkout -b scratch",
            "name": "save current HEAD in "scratch" branch",
          },
          {
            "exec": "git checkout $BRANCH",
          },
          {
            "exec": "git fetch origin",
            "name": "fetch latest changes from origin",
          },
          {
            "exec": "git reset --hard origin/$BRANCH",
            "name": "hard reset to origin commit",
          },
          {
            "exec": "git clean -fdx",
            "name": "clean all untracked files",
          },
          {
            "say": "ready to rock! (unpushed commits are under the "scratch" branch)",
          },
        ],
      },
      "compile": {
        "description": "Only compile",
        "name": "compile",
        "steps": [
          {
            "exec": "mvn compiler:compile",
          },
        ],
      },
      "default": {
        "description": "Synthesize project files",
        "name": "default",
        "steps": [
          {
            "exec": "mvn compiler:testCompile --quiet",
          },
          {
            "exec": "mvn exec:java --quiet -Dexec.mainClass=projenrc -Dexec.classpathScope="test"",
          },
        ],
      },
      "eject": {
        "description": "Remove projen from the project",
        "env": {
          "PROJEN_EJECTING": "true",
        },
        "name": "eject",
        "steps": [
          {
            "spawn": "default",
          },
        ],
      },
      "generate": {
        "name": "generate",
        "steps": [
          {
            "exec": "npx --yes -p aws-pdk@0.0.0 clean-openapi-generated-code --code-path .",
          },
          {
            "exec": "npx --yes -p aws-pdk@0.0.0 generate --generator java --spec-path my-spec.json --output-path . --generator-dir java-lambda-handlers --src-dir src/main/java/test/test-java-handlers/handlers --openapi-normalizer "KEEP_ONLY_FIRST_TAG_IN_OPERATION=true" --extra-vendor-extensions '{"x-handlers-package":"test.test-java-handlers.handlers","x-runtime-package":"test.test-java-client.runtime"}'",
          },
        ],
      },
      "package": {
        "description": "Creates the distribution package",
        "env": {
          "MAVEN_OPTS": "-XX:+TieredCompilation -XX:TieredStopAtLevel=1",
        },
        "name": "package",
        "steps": [
          {
            "exec": "mkdir -p dist/java",
          },
          {
            "exec": "mvn deploy -D=altDeploymentRepository=local::default::file:///$PWD/dist/java",
          },
        ],
      },
      "post-compile": {
        "description": "Runs after successful compilation",
        "name": "post-compile",
      },
      "pre-compile": {
        "description": "Prepare the project for compilation",
        "name": "pre-compile",
        "steps": [
          {
            "spawn": "generate",
          },
        ],
      },
      "test": {
        "description": "Run tests",
        "name": "test",
      },
    },
  },
  "README.md": "# replace this",
  "openapitools.json": {
    "$schema": "node_modules/@openapitools/openapi-generator-cli/config.schema.json",
    "//": "~~ Generated by projen. To modify, edit src/test/java/projenrc.java and run "npx projen".",
    "generator-cli": {
      "storageDir": "~/.open-api-generator-cli",
      "version": "6.3.0",
    },
    "spaces": 2,
  },
  "pom.xml": "<?xml version="1.0" encoding="UTF-8"?>
<project xsi:schemaLocation="http://maven.apache.org/POM/4.0.0 http://maven.apache.org/xsd/maven-4.0.0.xsd" xmlns="http://maven.apache.org/POM/4.0.0" xmlns:xsi="http://www.w3.org/2001/XMLSchema-instance">
    <modelVersion>4.0.0</modelVersion>
    <groupId>test</groupId>
    <artifactId>com.aws.pdk.test.handlers</artifactId>
    <version>1.0.0</version>
    <packaging>jar</packaging>
    <name>test-java-handlers</name>
    <properties>
        <project.build.sourceEncoding>UTF-8</project.build.sourceEncoding>
    </properties>
    <repositories>
        <repository>
            <url>file://../java-client/dist/java</url>
            <id>test-com.aws.pdk.test.runtime-repo</id>
        </repository>
    </repositories>
    <build>
        <plugins>
            <plugin>
                <groupId>org.apache.maven.plugins</groupId>
                <artifactId>maven-compiler-plugin</artifactId>
                <version>3.8.1</version>
                <configuration>
                    <source>1.8</source>
                    <target>1.8</target>
                </configuration>
            </plugin>
            <plugin>
                <groupId>org.apache.maven.plugins</groupId>
                <artifactId>maven-enforcer-plugin</artifactId>
                <version>3.0.0-M3</version>
                <configuration>
                    <rules>
                        <requireMavenVersion>
                            <version>3.6</version>
                        </requireMavenVersion>
                    </rules>
                </configuration>
                <executions>
                    <execution>
                        <id>enforce-maven</id>
                        <goals>
                            <goal>enforce</goal>
                        </goals>
                    </execution>
                </executions>
            </plugin>
            <plugin>
                <groupId>org.apache.maven.plugins</groupId>
                <artifactId>maven-jar-plugin</artifactId>
                <version>3.2.0</version>
                <configuration>
                    <archive>
                        <index>true</index>
                        <manifest>
                            <addDefaultImplementationEntries>true</addDefaultImplementationEntries>
                            <addDefaultSpecificationEntries>true</addDefaultSpecificationEntries>
                        </manifest>
                    </archive>
                </configuration>
            </plugin>
            <plugin>
                <groupId>org.apache.maven.plugins</groupId>
                <artifactId>maven-javadoc-plugin</artifactId>
                <version>3.2.0</version>
                <configuration>
                    <failOnError>false</failOnError>
                    <show>protected</show>
                    <detectJavaApiLink>false</detectJavaApiLink>
                    <additionalJOptions>
                        <additionalJOption>-J-XX:+TieredCompilation</additionalJOption>
                        <additionalJOption>-J-XX:TieredStopAtLevel=1</additionalJOption>
                    </additionalJOptions>
                </configuration>
                <executions>
                    <execution>
                        <id>attach-javadocs</id>
                        <goals>
                            <goal>jar</goal>
                        </goals>
                    </execution>
                </executions>
            </plugin>
            <plugin>
                <groupId>org.apache.maven.plugins</groupId>
                <artifactId>maven-shade-plugin</artifactId>
                <version>3.3.0</version>
                <configuration>
                    <createDependencyReducedPom>false</createDependencyReducedPom>
                </configuration>
                <executions>
                    <execution>
                        <id>shade-task</id>
                        <goals>
                            <goal>shade</goal>
                        </goals>
                        <phase>package</phase>
                    </execution>
                </executions>
            </plugin>
            <plugin>
                <groupId>org.apache.maven.plugins</groupId>
                <artifactId>maven-source-plugin</artifactId>
                <version>3.2.1</version>
                <executions>
                    <execution>
                        <id>attach-sources</id>
                        <goals>
                            <goal>jar</goal>
                        </goals>
                    </execution>
                </executions>
            </plugin>
            <plugin>
                <groupId>org.codehaus.mojo</groupId>
                <artifactId>exec-maven-plugin</artifactId>
                <version>3.0.0</version>
            </plugin>
        </plugins>
    </build>
    <dependencies>
        <dependency>
            <groupId>test</groupId>
            <artifactId>com.aws.pdk.test.runtime</artifactId>
            <version>1.0.0</version>
        </dependency>
    </dependencies>
</project>
<!-- ~~ Generated by projen. To modify, edit src/test/java/projenrc.java and run "npx projen". -->",
}
`;
