// Jest Snapshot v1, https://goo.gl/fbAQLP

exports[`GeneratedMarkdownDocumentationProject Unit Tests Synth 1`] = `
{
  ".gitignore": "# ~~ Generated by projen. To modify, edit .projenrc.js and run "npx projen".
node_modules/
!/.gitattributes
!/.projen/tasks.json
!/.projen/deps.json
!/.projen/files.json
!/.pdk/dynamic-files/openapitools.json
/openapitools.json
.openapi-generator
Apis
Models
README.md
",
  ".pdk/dynamic-files/openapitools.json": {
    "$schema": "node_modules/@openapitools/openapi-generator-cli/config.schema.json",
    "//": "~~ Generated by projen. To modify, edit .projenrc.js and run "npx projen".",
    "generator-cli": {
      "storageDir": "~/.open-api-generator-cli",
      "version": "6.3.0",
    },
    "spaces": 2,
  },
  ".projen/files.json": {
    "//": "~~ Generated by projen. To modify, edit .projenrc.js and run "npx projen".",
    "files": [
      ".gitattributes",
      ".gitignore",
      ".pdk/dynamic-files/openapitools.json",
      ".projen/deps.json",
      ".projen/files.json",
      ".projen/tasks.json",
    ],
  },
  ".projen/tasks.json": {
    "//": "~~ Generated by projen. To modify, edit .projenrc.js and run "npx projen".",
    "env": {
      "AWS_PDK_VERSION": "0.0.0",
    },
    "tasks": {
      "build": {
        "description": "Full release build",
        "name": "build",
        "steps": [
          {
            "spawn": "default",
          },
          {
            "spawn": "pre-compile",
          },
          {
            "spawn": "compile",
          },
          {
            "spawn": "post-compile",
          },
          {
            "spawn": "test",
          },
          {
            "spawn": "package",
          },
        ],
      },
      "compile": {
        "description": "Only compile",
        "name": "compile",
        "steps": [
          {
            "spawn": "generate",
          },
        ],
      },
      "create-openapitools.json": {
        "name": "create-openapitools.json",
        "steps": [
          {
            "exec": "cp -f .pdk/dynamic-files/openapitools.json openapitools.json",
          },
        ],
      },
      "default": {
        "description": "Synthesize project files",
        "name": "default",
      },
      "eject": {
        "description": "Remove projen from the project",
        "env": {
          "PROJEN_EJECTING": "true",
        },
        "name": "eject",
        "steps": [
          {
            "spawn": "default",
          },
        ],
      },
      "generate": {
        "name": "generate",
        "steps": [
          {
            "spawn": "create-openapitools.json",
          },
          {
            "exec": "npx --yes -p @aws/pdk@$AWS_PDK_VERSION type-safe-api generate --specPath my-spec.json --outputPath . --templateDirs "docs/templates/markdown"",
          },
        ],
      },
      "package": {
        "description": "Creates the distribution package",
        "name": "package",
      },
      "post-compile": {
        "description": "Runs after successful compilation",
        "name": "post-compile",
      },
      "pre-compile": {
        "description": "Prepare the project for compilation",
        "name": "pre-compile",
      },
      "test": {
        "description": "Run tests",
        "name": "test",
      },
    },
  },
}
`;
