// Jest Snapshot v1, https://goo.gl/fbAQLP

exports[`GeneratedPlantumlDocumentationProject Unit Tests Synth 1`] = `
{
  ".gitignore": "# ~~ Generated by projen. To modify, edit .projenrc.js and run "npx projen".
node_modules/
!/.gitattributes
!/.projen/tasks.json
!/.projen/deps.json
!/.projen/files.json
!/openapitools.json
.openapi-generator
schemas.plantuml
",
  ".projen/files.json": {
    "//": "~~ Generated by projen. To modify, edit .projenrc.js and run "npx projen".",
    "files": [
      ".gitattributes",
      ".gitignore",
      ".projen/deps.json",
      ".projen/files.json",
      ".projen/tasks.json",
      "openapitools.json",
    ],
  },
  ".projen/tasks.json": {
    "//": "~~ Generated by projen. To modify, edit .projenrc.js and run "npx projen".",
    "tasks": {
      "build": {
        "description": "Full release build",
        "name": "build",
        "steps": [
          {
            "spawn": "default",
          },
          {
            "spawn": "pre-compile",
          },
          {
            "spawn": "compile",
          },
          {
            "spawn": "post-compile",
          },
          {
            "spawn": "test",
          },
          {
            "spawn": "package",
          },
        ],
      },
      "compile": {
        "description": "Only compile",
        "name": "compile",
        "steps": [
          {
            "spawn": "generate",
          },
        ],
      },
      "default": {
        "description": "Synthesize project files",
        "name": "default",
      },
      "eject": {
        "description": "Remove projen from the project",
        "env": {
          "PROJEN_EJECTING": "true",
        },
        "name": "eject",
        "steps": [
          {
            "spawn": "default",
          },
        ],
      },
      "generate": {
        "name": "generate",
        "steps": [
          {
            "exec": "npx --yes -p @aws/pdk@0.0.0 type-safe-api.generate --generator plantuml --spec-path my-spec.json --output-path . --generator-dir docs --src-dir src --generate-alias-as-model",
          },
        ],
      },
      "package": {
        "description": "Creates the distribution package",
        "name": "package",
      },
      "post-compile": {
        "description": "Runs after successful compilation",
        "name": "post-compile",
      },
      "pre-compile": {
        "description": "Prepare the project for compilation",
        "name": "pre-compile",
      },
      "test": {
        "description": "Run tests",
        "name": "test",
      },
    },
  },
  "openapitools.json": {
    "$schema": "node_modules/@openapitools/openapi-generator-cli/config.schema.json",
    "//": "~~ Generated by projen. To modify, edit .projenrc.js and run "npx projen".",
    "generator-cli": {
      "storageDir": "~/.open-api-generator-cli",
      "version": "6.3.0",
    },
    "spaces": 2,
  },
}
`;
