// Jest Snapshot v1, https://goo.gl/fbAQLP

exports[`Generate AsyncAPI Spec Unit Tests Generates AsyncAPI Spec for inline-body.yaml 1`] = `
{
  ".asyncapi.json": {
    "asyncapi": "3.0.0",
    "channels": {
      "default": {
        "address": "/",
        "messages": {
          "Java": {
            "$ref": "#/components/messages/Java",
          },
          "Python": {
            "$ref": "#/components/messages/Python",
          },
          "TypeScript": {
            "$ref": "#/components/messages/TypeScript",
          },
        },
      },
    },
    "components": {
      "messages": {
        "Java": {
          "contentType": "application/json",
          "name": "Java",
          "payload": {
            "properties": {
              "payload": {
                "properties": {
                  "field1": {
                    "type": "string",
                  },
                  "field2": {
                    "type": "string",
                  },
                },
                "type": "object",
              },
              "route": {
                "const": "Java",
                "type": "string",
              },
            },
            "required": [
              "route",
              "payload",
            ],
            "type": "object",
          },
          "tags": [],
          "title": "Java",
        },
        "Python": {
          "contentType": "application/json",
          "name": "Python",
          "payload": {
            "properties": {
              "payload": {
                "properties": {
                  "field1": {
                    "type": "string",
                  },
                  "field2": {
                    "type": "string",
                  },
                },
                "type": "object",
              },
              "route": {
                "const": "Python",
                "type": "string",
              },
            },
            "required": [
              "route",
              "payload",
            ],
            "type": "object",
          },
          "tags": [],
          "title": "Python",
        },
        "TypeScript": {
          "contentType": "application/json",
          "name": "TypeScript",
          "payload": {
            "properties": {
              "payload": {
                "properties": {
                  "field1": {
                    "type": "string",
                  },
                  "field2": {
                    "type": "string",
                  },
                },
                "type": "object",
              },
              "route": {
                "const": "TypeScript",
                "type": "string",
              },
            },
            "required": [
              "route",
              "payload",
            ],
            "type": "object",
          },
          "tags": [],
          "title": "TypeScript",
        },
      },
      "schemas": {},
    },
    "info": {
      "title": "Test",
      "version": "1.0.0",
    },
    "operations": {
      "Java": {
        "action": "send",
        "channel": {
          "$ref": "#/channels/default",
        },
        "messages": [
          {
            "$ref": "#/channels/default/messages/Java",
          },
        ],
        "title": "Java",
      },
      "Python": {
        "action": "send",
        "channel": {
          "$ref": "#/channels/default",
        },
        "messages": [
          {
            "$ref": "#/channels/default/messages/Python",
          },
        ],
        "title": "Python",
      },
      "TypeScript": {
        "action": "send",
        "channel": {
          "$ref": "#/channels/default",
        },
        "messages": [
          {
            "$ref": "#/channels/default/messages/TypeScript",
          },
        ],
        "title": "TypeScript",
      },
    },
  },
}
`;

exports[`Generate AsyncAPI Spec Unit Tests Generates AsyncAPI Spec for single.yaml 1`] = `
{
  ".asyncapi.json": {
    "asyncapi": "3.0.0",
    "channels": {
      "default": {
        "address": "/",
        "messages": {
          "any-request": {
            "$ref": "#/components/messages/any-request",
          },
          "bidirectional": {
            "$ref": "#/components/messages/bidirectional",
          },
          "client-to-server": {
            "$ref": "#/components/messages/client-to-server",
          },
          "different-media-type": {
            "$ref": "#/components/messages/different-media-type",
          },
          "empty-request": {
            "$ref": "#/components/messages/empty-request",
          },
          "map-request": {
            "$ref": "#/components/messages/map-request",
          },
          "multiple-content-types": {
            "$ref": "#/components/messages/multiple-content-types",
          },
          "server-to-client": {
            "$ref": "#/components/messages/server-to-client",
          },
          "without-operation-id": {
            "$ref": "#/components/messages/without-operation-id",
          },
        },
      },
    },
    "components": {
      "messages": {
        "any-request": {
          "contentType": "application/json",
          "name": "any-request",
          "payload": {
            "properties": {
              "payload": {},
              "route": {
                "const": "any-request",
                "type": "string",
              },
            },
            "required": [
              "route",
              "payload",
            ],
            "type": "object",
          },
          "tags": [],
          "title": "any-request",
        },
        "bidirectional": {
          "contentType": "application/json",
          "name": "bidirectional",
          "payload": {
            "properties": {
              "payload": {
                "$ref": "#/components/schemas/TestRequest",
              },
              "route": {
                "const": "bidirectional",
                "type": "string",
              },
            },
            "required": [
              "route",
              "payload",
            ],
            "type": "object",
          },
          "tags": [],
          "title": "bidirectional",
        },
        "client-to-server": {
          "contentType": "application/json",
          "name": "client-to-server",
          "payload": {
            "properties": {
              "payload": {
                "$ref": "#/components/schemas/TestRequest",
              },
              "route": {
                "const": "client-to-server",
                "type": "string",
              },
            },
            "required": [
              "route",
              "payload",
            ],
            "type": "object",
          },
          "tags": [],
          "title": "client-to-server",
        },
        "different-media-type": {
          "name": "different-media-type",
          "payload": {
            "properties": {
              "route": {
                "const": "different-media-type",
                "type": "string",
              },
            },
            "required": [
              "route",
            ],
            "type": "object",
          },
          "tags": [],
          "title": "different-media-type",
        },
        "empty-request": {
          "name": "empty-request",
          "payload": {
            "properties": {
              "route": {
                "const": "empty-request",
                "type": "string",
              },
            },
            "required": [
              "route",
            ],
            "type": "object",
          },
          "tags": [],
          "title": "empty-request",
        },
        "map-request": {
          "contentType": "application/json",
          "name": "map-request",
          "payload": {
            "properties": {
              "payload": {
                "$ref": "#/components/schemas/MapRequest",
              },
              "route": {
                "const": "map-request",
                "type": "string",
              },
            },
            "required": [
              "route",
              "payload",
            ],
            "type": "object",
          },
          "tags": [],
          "title": "map-request",
        },
        "multiple-content-types": {
          "contentType": "application/json",
          "name": "multiple-content-types",
          "payload": {
            "properties": {
              "payload": {
                "$ref": "#/components/schemas/TestRequest",
              },
              "route": {
                "const": "multiple-content-types",
                "type": "string",
              },
            },
            "required": [
              "route",
              "payload",
            ],
            "type": "object",
          },
          "tags": [],
          "title": "multiple-content-types",
        },
        "server-to-client": {
          "contentType": "application/json",
          "name": "server-to-client",
          "payload": {
            "properties": {
              "payload": {
                "$ref": "#/components/schemas/TestRequest",
              },
              "route": {
                "const": "server-to-client",
                "type": "string",
              },
            },
            "required": [
              "route",
              "payload",
            ],
            "type": "object",
          },
          "tags": [],
          "title": "server-to-client",
        },
        "without-operation-id": {
          "contentType": "application/json",
          "name": "without-operation-id",
          "payload": {
            "properties": {
              "payload": {
                "$ref": "#/components/schemas/TestRequest",
              },
              "route": {
                "const": "without-operation-id",
                "type": "string",
              },
            },
            "required": [
              "route",
              "payload",
            ],
            "type": "object",
          },
          "tags": [],
          "title": "without-operation-id",
        },
      },
      "schemas": {
        "ApiError": {
          "properties": {
            "errorMessage": {
              "type": "string",
            },
          },
          "required": [
            "errorMessage",
          ],
          "type": "object",
        },
        "MapRequest": {
          "properties": {
            "mapProperty": {
              "additionalProperties": {
                "properties": {
                  "a": {
                    "type": "string",
                  },
                  "b": {
                    "type": "string",
                  },
                },
                "required": [
                  "a",
                ],
                "type": "object",
              },
              "type": "object",
            },
          },
          "required": [
            "mapProperty",
          ],
          "type": "object",
        },
        "TestRequest": {
          "description": "This is a test request",
          "properties": {
            "myInput": {
              "type": "number",
            },
          },
          "type": "object",
        },
        "TestResponse": {
          "description": "This is a test response",
          "properties": {
            "messages": {
              "items": {
                "properties": {
                  "id": {
                    "type": "integer",
                  },
                  "message": {
                    "description": "This is a message",
                    "type": "string",
                  },
                },
                "required": [
                  "id",
                ],
                "type": "object",
              },
              "type": "array",
            },
          },
          "required": [
            "messages",
          ],
          "type": "object",
        },
      },
    },
    "info": {
      "title": "Example API",
      "version": "1.0.0",
    },
    "operations": {
      "Onany-request": {
        "action": "receive",
        "channel": {
          "$ref": "#/channels/default",
        },
        "messages": [
          {
            "$ref": "#/channels/default/messages/any-request",
          },
        ],
        "title": "Onany-request",
      },
      "Onbidirectional": {
        "action": "receive",
        "channel": {
          "$ref": "#/channels/default",
        },
        "messages": [
          {
            "$ref": "#/channels/default/messages/bidirectional",
          },
        ],
        "title": "Onbidirectional",
      },
      "Ondifferent-media-type": {
        "action": "receive",
        "channel": {
          "$ref": "#/channels/default",
        },
        "messages": [
          {
            "$ref": "#/channels/default/messages/different-media-type",
          },
        ],
        "title": "Ondifferent-media-type",
      },
      "Onempty-request": {
        "action": "receive",
        "channel": {
          "$ref": "#/channels/default",
        },
        "messages": [
          {
            "$ref": "#/channels/default/messages/empty-request",
          },
        ],
        "title": "Onempty-request",
      },
      "Onmap-request": {
        "action": "receive",
        "channel": {
          "$ref": "#/channels/default",
        },
        "messages": [
          {
            "$ref": "#/channels/default/messages/map-request",
          },
        ],
        "title": "Onmap-request",
      },
      "Onmultiple-content-types": {
        "action": "receive",
        "channel": {
          "$ref": "#/channels/default",
        },
        "messages": [
          {
            "$ref": "#/channels/default/messages/multiple-content-types",
          },
        ],
        "title": "Onmultiple-content-types",
      },
      "Onserver-to-client": {
        "action": "receive",
        "channel": {
          "$ref": "#/channels/default",
        },
        "messages": [
          {
            "$ref": "#/channels/default/messages/server-to-client",
          },
        ],
        "title": "Onserver-to-client",
      },
      "Onwithout-operation-id": {
        "action": "receive",
        "channel": {
          "$ref": "#/channels/default",
        },
        "messages": [
          {
            "$ref": "#/channels/default/messages/without-operation-id",
          },
        ],
        "title": "Onwithout-operation-id",
      },
      "any-request": {
        "action": "send",
        "channel": {
          "$ref": "#/channels/default",
        },
        "messages": [
          {
            "$ref": "#/channels/default/messages/any-request",
          },
        ],
        "title": "any-request",
      },
      "bidirectional": {
        "action": "send",
        "channel": {
          "$ref": "#/channels/default",
        },
        "messages": [
          {
            "$ref": "#/channels/default/messages/bidirectional",
          },
        ],
        "title": "bidirectional",
      },
      "client-to-server": {
        "action": "send",
        "channel": {
          "$ref": "#/channels/default",
        },
        "messages": [
          {
            "$ref": "#/channels/default/messages/client-to-server",
          },
        ],
        "title": "client-to-server",
      },
      "different-media-type": {
        "action": "send",
        "channel": {
          "$ref": "#/channels/default",
        },
        "messages": [
          {
            "$ref": "#/channels/default/messages/different-media-type",
          },
        ],
        "title": "different-media-type",
      },
      "empty-request": {
        "action": "send",
        "channel": {
          "$ref": "#/channels/default",
        },
        "messages": [
          {
            "$ref": "#/channels/default/messages/empty-request",
          },
        ],
        "title": "empty-request",
      },
      "map-request": {
        "action": "send",
        "channel": {
          "$ref": "#/channels/default",
        },
        "messages": [
          {
            "$ref": "#/channels/default/messages/map-request",
          },
        ],
        "title": "map-request",
      },
      "multiple-content-types": {
        "action": "send",
        "channel": {
          "$ref": "#/channels/default",
        },
        "messages": [
          {
            "$ref": "#/channels/default/messages/multiple-content-types",
          },
        ],
        "title": "multiple-content-types",
      },
      "without-operation-id": {
        "action": "send",
        "channel": {
          "$ref": "#/channels/default",
        },
        "messages": [
          {
            "$ref": "#/channels/default/messages/without-operation-id",
          },
        ],
        "title": "without-operation-id",
      },
    },
  },
}
`;
