// Jest Snapshot v1, https://goo.gl/fbAQLP

exports[`config default should generate default diagram 1`] = `
"digraph \\"ROOT\\" {
  label = \\"Cloud Diagram\\";
  imagepath = \\"<aws_arch_asset_directory\\";
  fontname = \\"Roboto Condensed\\";
  class = \\"font_regular\\";
  center = true;
  compound = true;
  concentrate = true;
  dpi = 300;
  fontcolor = \\"#000000\\";
  fontnames = \\"ps\\";
  fontsize = 14;
  forcelabels = true;
  labelloc = \\"tc\\";
  nodesep = 0.6;
  pad = \\"%2,%1\\";
  rankdir = \\"TB\\";
  ranksep = 0.75;
  ratio = \\"compress\\";
  remincross = true;
  size = \\"%1024,%1024!\\";
  splines = \\"ortho\\";
  stylesheet = \\"https://fonts.googleapis.com/css2?family=Roboto+Condensed:wght@300;400;700&display=swap\\";
  bgcolor = \\"#FFFFFF\\";
  edge [
    fontname = \\"Roboto Condensed\\";
    class = \\"font_light_italic\\";
    dir = \\"both\\";
    color = \\"#5A6B861A\\";
    penwidth = 0.75;
    arrowhead = \\"none\\";
    arrowtail = \\"normal\\";
    arrowsize = 0.5;
    fontsize = 9;
    style = \\"solid\\";
    fontcolor = \\"#5A6B861A\\";
  ];
  node [
    fontname = \\"Roboto Condensed\\";
    class = \\"font_regular\\";
    shape = \\"box\\";
    style = \\"solid\\";
    fixedsize = false;
    width = 0.25;
    height = 0.25;
    labelloc = \\"c\\";
    imagescale = true;
    fontsize = 11;
    penwidth = 0.25;
    fontcolor = \\"#232F3E\\";
  ];
  subgraph \\"cluster_stack_FixtureStack\\" {
    fontname = \\"Roboto Condensed\\";
    class = \\"font_light\\";
    labelloc = \\"tc\\";
    fontsize = 12;
    style = \\"solid,bold,filled\\";
    label = \\"FixtureStack\\";
    fillcolor = \\"#5A6B861A\\";
    margin = 10;
    color = \\"#000000CC\\";
    bgcolor = \\"#5A6B861A\\";
    pencolor = \\"transparent\\";
    fontcolor = \\"#000000CC\\";
    subgraph \\"cluster_FixtureStackNetworkingLayerE66F4752\\" {
      fontname = \\"Roboto Condensed\\";
      class = \\"font_light\\";
      labelloc = \\"tc\\";
      fontsize = 12;
      style = \\"rounded,dashed\\";
      label = \\"NetworkingLayer\\";
      \\"node_FixtureStackNetworkingLayerWebSecurityGroup843D70DB\\" [
        label = \\"WebSecurity\\\\nGroup\\";
        comment = \\"nodeType:RESOURCE(AWS::EC2::SecurityGroup)\\";
        shape = \\"box\\";
        style = \\"solid,rounded\\";
        fixedsize = true;
        width = 1;
        height = 1.46;
        labelloc = \\"b\\";
        imagescale = true;
        imagepos = \\"tc\\";
        penwidth = 0;
        fillcolor = \\"transparent\\";
        image = \\"compute/ec2/service_icon.svg\\";
        color = \\"#232F3E\\";
        fontcolor = \\"#232F3E\\";
      ];
      \\"node_FixtureStackNetworkingLayerwebserverrole4C3EB3B3\\" [
        label = \\"WebserverRole\\";
        comment = \\"nodeType:RESOURCE(AWS::IAM::Role)\\";
        shape = \\"box\\";
        style = \\"solid,rounded\\";
        fixedsize = true;
        width = 1;
        height = 1.23;
        labelloc = \\"b\\";
        imagescale = true;
        imagepos = \\"tc\\";
        penwidth = 0;
        fillcolor = \\"transparent\\";
        image = \\"security_identity_compliance/iam/role.svg\\";
        color = \\"#232F3E\\";
        fontcolor = \\"#232F3E\\";
      ];
      \\"node_FixtureStackNetworkingLayerWebServer589378AD\\" [
        label = \\"WebServer\\";
        comment = \\"nodeType:RESOURCE(AWS::EC2::Instance)\\";
        shape = \\"box\\";
        style = \\"solid,rounded\\";
        fixedsize = true;
        width = 1;
        height = 1.23;
        labelloc = \\"b\\";
        imagescale = true;
        imagepos = \\"tc\\";
        penwidth = 0;
        fillcolor = \\"transparent\\";
        image = \\"compute/ec2/instance/c5.svg\\";
        color = \\"#232F3E\\";
        fontcolor = \\"#232F3E\\";
      ];
      \\"node_FixtureStackNetworkingLayerBastion092C2DFE\\" [
        label = \\"Bastion\\";
        comment = \\"nodeType:RESOURCE(AWS::EC2::Instance)\\";
        shape = \\"box\\";
        style = \\"solid,rounded\\";
        fixedsize = true;
        width = 1;
        height = 1.23;
        labelloc = \\"b\\";
        imagescale = true;
        imagepos = \\"tc\\";
        penwidth = 0;
        fillcolor = \\"transparent\\";
        image = \\"compute/ec2/instance/t2.svg\\";
        color = \\"#232F3E\\";
        fontcolor = \\"#232F3E\\";
      ];
    }
    subgraph \\"cluster_FixtureStackDataLayer450628AB\\" {
      fontname = \\"Roboto Condensed\\";
      class = \\"font_light\\";
      labelloc = \\"tc\\";
      fontsize = 12;
      style = \\"rounded,dashed\\";
      label = \\"DataLayer\\";
      \\"node_FixtureStackDataLayerReadRoleEE6BC0A6\\" [
        label = \\"ReadRole\\";
        comment = \\"nodeType:RESOURCE(AWS::IAM::Role)\\";
        shape = \\"box\\";
        style = \\"solid,rounded\\";
        fixedsize = true;
        width = 1;
        height = 1.23;
        labelloc = \\"b\\";
        imagescale = true;
        imagepos = \\"tc\\";
        penwidth = 0;
        fillcolor = \\"transparent\\";
        image = \\"security_identity_compliance/iam/role.svg\\";
        color = \\"#232F3E\\";
        fontcolor = \\"#232F3E\\";
      ];
    }
    subgraph \\"cluster_FixtureStackWebsite0ABF8522\\" {
      fontname = \\"Roboto Condensed\\";
      class = \\"font_light\\";
      labelloc = \\"tc\\";
      fontsize = 12;
      style = \\"rounded,dashed\\";
      label = \\"Website\\";
      \\"node_FixtureStackWebsiteWebDistroA236B451\\" [
        label = \\"WebDistro\\";
        comment = \\"nodeType:RESOURCE(AWS::CloudFront::Distribution)\\";
        shape = \\"box\\";
        style = \\"solid,rounded\\";
        fixedsize = true;
        width = 1;
        height = 1.23;
        labelloc = \\"b\\";
        imagescale = true;
        imagepos = \\"tc\\";
        penwidth = 0;
        fillcolor = \\"transparent\\";
        image = \\"networking_content_delivery/cloudfront/service_icon.svg\\";
        color = \\"#232F3E\\";
        fontcolor = \\"#232F3E\\";
      ];
    }
    subgraph \\"cluster_FixtureStackEdgeCasesE05603B9\\" {
      fontname = \\"Roboto Condensed\\";
      class = \\"font_light\\";
      labelloc = \\"tc\\";
      fontsize = 12;
      style = \\"rounded,dashed\\";
      label = \\"EdgeCases\\";
      \\"node_FixtureStackEdgeCasesLambdaWithAlias3D0F36DD\\" [
        label = \\"LambdaWith\\\\nAlias\\";
        comment = \\"nodeType:RESOURCE(AWS::Lambda::Function)\\";
        shape = \\"box\\";
        style = \\"solid,rounded\\";
        fixedsize = true;
        width = 1;
        height = 1.46;
        labelloc = \\"b\\";
        imagescale = true;
        imagepos = \\"tc\\";
        penwidth = 0;
        fillcolor = \\"transparent\\";
        image = \\"compute/lambda/lambda_function.svg\\";
        color = \\"#232F3E\\";
        fontcolor = \\"#232F3E\\";
      ];
      \\"node_FixtureStackEdgeCasesImportedBucketD2A18770\\" [
        label = \\"ImportedBucket\\";
        comment = \\"nodeType:CFN_RESOURCE(AWS::S3::Bucket)\\";
        shape = \\"box\\";
        style = \\"filled,dotted\\";
        fixedsize = true;
        width = 1;
        height = 1.23;
        labelloc = \\"b\\";
        imagescale = true;
        imagepos = \\"tc\\";
        penwidth = 1;
        fillcolor = \\"#5A6B861A\\";
        image = \\"storage/s3/bucket.svg\\";
        color = \\"#5A6B8633\\";
        fontcolor = \\"#5A6B86\\";
      ];
      \\"node_FixtureStackEdgeCasesImportedLambda2613949D\\" [
        label = \\"ImportedLambda\\";
        comment = \\"nodeType:CFN_RESOURCE(AWS::Lambda::Function)\\";
        shape = \\"box\\";
        style = \\"filled,dotted\\";
        fixedsize = true;
        width = 1;
        height = 1.23;
        labelloc = \\"b\\";
        imagescale = true;
        imagepos = \\"tc\\";
        penwidth = 1;
        fillcolor = \\"#5A6B861A\\";
        image = \\"compute/lambda/lambda_function.svg\\";
        color = \\"#5A6B8633\\";
        fontcolor = \\"#5A6B86\\";
      ];
      \\"node_FixtureStackEdgeCasesImportedResourceRoleAF826714\\" [
        label = \\"Imported\\\\nResourceRole\\";
        comment = \\"nodeType:RESOURCE(AWS::IAM::Role)\\";
        shape = \\"box\\";
        style = \\"solid,rounded\\";
        fixedsize = true;
        width = 1;
        height = 1.46;
        labelloc = \\"b\\";
        imagescale = true;
        imagepos = \\"tc\\";
        penwidth = 0;
        fillcolor = \\"transparent\\";
        image = \\"security_identity_compliance/iam/role.svg\\";
        color = \\"#232F3E\\";
        fontcolor = \\"#232F3E\\";
      ];
    }
  }
  \\"node_FixtureStackNetworkingLayerWebServer589378AD\\" -> \\"node_FixtureStackNetworkingLayerwebserverrole4C3EB3B3\\" [
    id = \\"REF:Z2qpAph\\";
    penwidth = 0.75;
    arrowhead = \\"normal\\";
    arrowtail = \\"none\\";
    arrowsize = 0.75;
    style = \\"solid\\";
    color = \\"#5A6B86\\";
    fontcolor = \\"#5A6B86\\";
  ];
  \\"node_FixtureStackNetworkingLayerWebServer589378AD\\" -> \\"node_FixtureStackNetworkingLayerWebSecurityGroup843D70DB\\" [
    id = \\"ATT:5q4po\\";
    penwidth = 0.75;
    arrowhead = \\"normal\\";
    arrowtail = \\"none\\";
    arrowsize = 0.75;
    style = \\"solid\\";
    color = \\"#5A6B86\\";
    fontcolor = \\"#5A6B86\\";
  ];
  \\"node_FixtureStackEdgeCasesImportedResourceRoleAF826714\\" -> \\"node_FixtureStackEdgeCasesImportedBucketD2A18770\\" [
    id = \\"IMP:14snQE\\";
    penwidth = 0.75;
    arrowhead = \\"normal\\";
    arrowtail = \\"none\\";
    arrowsize = 0.75;
    style = \\"solid\\";
    color = \\"#5A6B86\\";
    fontcolor = \\"#5A6B86\\";
  ];
  \\"node_FixtureStackEdgeCasesImportedResourceRoleAF826714\\" -> \\"node_FixtureStackEdgeCasesImportedLambda2613949D\\" [
    id = \\"IMP:1IosnQ\\";
    penwidth = 0.75;
    arrowhead = \\"normal\\";
    arrowtail = \\"none\\";
    arrowsize = 0.75;
    style = \\"solid\\";
    color = \\"#5A6B86\\";
    fontcolor = \\"#5A6B86\\";
  ];
}"
`;
