// Jest Snapshot v1, https://goo.gl/fbAQLP

exports[`Typescript Infra Generation Script Unit Tests Generates 1`] = `
Object {
  "infra/src/api.ts": "import { TypeSafeRestApi, TypeSafeRestApiProps, TypeSafeApiIntegration } from \\"@aws-prototyping-sdk/type-safe-api\\";
import { Construct } from \\"constructs\\";
import { OperationLookup, OperationConfig } from \\"test-client\\";
import * as path from \\"path\\";

export type ApiIntegrations = OperationConfig<TypeSafeApiIntegration>;

export interface ApiProps extends Omit<TypeSafeRestApiProps, \\"specPath\\" | \\"operationLookup\\" | \\"integrations\\"> {
  readonly integrations: ApiIntegrations;
}

/**
 * Type-safe construct for the API Gateway resources defined by your model.
 * This construct is generated and should not be modified.
 */
export class Api extends TypeSafeRestApi {
  constructor(scope: Construct, id: string, props: ApiProps) {
    super(scope, id, {
      ...props,
      integrations: props.integrations as any,
      specPath: path.resolve(__dirname, \\"../../../../../../../resources/specs/single.yaml\\"),
      operationLookup: OperationLookup as any,
    });
  }
}
",
  "infra/src/index.ts": "export * from \\"./api\\"",
}
`;
