// Jest Snapshot v1, https://goo.gl/fbAQLP

exports[`GeneratedPlantUmlDocs Unit Tests Multi 1`] = `
Object {
  ".gitignore": "# ~~ Generated by projen. To modify, edit .projenrc.js and run \\"npx projen\\".
node_modules/
!/.gitattributes
!/.projen/tasks.json
!/.projen/deps.json
!/.projen/files.json
",
  ".projen/files.json": Object {
    "//": "~~ Generated by projen. To modify, edit .projenrc.js and run \\"npx projen\\".",
    "files": Array [
      ".gitattributes",
      ".gitignore",
      ".projen/deps.json",
      ".projen/files.json",
      ".projen/tasks.json",
    ],
  },
  ".projen/tasks.json": Object {
    "//": "~~ Generated by projen. To modify, edit .projenrc.js and run \\"npx projen\\".",
    "tasks": Object {
      "build": Object {
        "description": "Full release build",
        "name": "build",
        "steps": Array [
          Object {
            "spawn": "default",
          },
          Object {
            "spawn": "pre-compile",
          },
          Object {
            "spawn": "compile",
          },
          Object {
            "spawn": "post-compile",
          },
          Object {
            "spawn": "test",
          },
          Object {
            "spawn": "package",
          },
        ],
      },
      "compile": Object {
        "description": "Only compile",
        "name": "compile",
      },
      "default": Object {
        "description": "Synthesize project files",
        "name": "default",
      },
      "eject": Object {
        "description": "Remove projen from the project",
        "env": Object {
          "PROJEN_EJECTING": "true",
        },
        "name": "eject",
        "steps": Array [
          Object {
            "spawn": "default",
          },
        ],
      },
      "package": Object {
        "description": "Creates the distribution package",
        "name": "package",
      },
      "post-compile": Object {
        "description": "Runs after successful compilation",
        "name": "post-compile",
      },
      "pre-compile": Object {
        "description": "Prepare the project for compilation",
        "name": "pre-compile",
      },
      "test": Object {
        "description": "Run tests",
        "name": "test",
      },
    },
  },
  "plantuml/.openapi-generator-ignore": "# OpenAPI Generator Ignore
# Generated by openapi-generator https://github.com/openapitools/openapi-generator

# Use this file to prevent files from being overwritten by the generator.
# The patterns follow closely to .gitignore or .dockerignore.

# As an example, the C# client generator defines ApiClient.cs.
# You can make changes and tell OpenAPI Generator to ignore just this file by uncommenting the following line:
#ApiClient.cs

# You can match any string of characters against a directory, file or extension with a single asterisk (*):
#foo/*/qux
# The above matches foo/bar/qux and foo/baz/qux, but not foo/bar/baz/qux

# You can recursively match patterns against a directory, file or extension with a double asterisk (**):
#foo/**/qux
# This matches foo/bar/qux, foo/baz/qux, and foo/bar/baz/qux

# You can also negate patterns with an exclamation (!).
# For example, you can ignore all files in a docs folder with the file extension .md:
#docs/*.md
# Then explicitly reverse the ignore rule for a single file:
#!docs/README.md
",
  "plantuml/.openapi-generator/FILES": ".openapi-generator-ignore
schemas.plantuml
",
  "plantuml/.openapi-generator/VERSION": "6.3.0",
  "plantuml/schemas.plantuml": "@startuml

title Example API Schemas Diagram

entity ApiError {
    * errorMessage: String
}

entity TestRequest {
    myInput: BigDecimal
}

entity TestResponse {
    * messages: List<TestResponseMessagesInner>
}

entity TestResponseMessagesInner {
    message: String
    * id: Integer
}


TestResponse -- \\"0..*\\" TestResponseMessagesInner : messages

@enduml",
}
`;

exports[`GeneratedPlantUmlDocs Unit Tests Single 1`] = `
Object {
  ".gitignore": "# ~~ Generated by projen. To modify, edit .projenrc.js and run \\"npx projen\\".
node_modules/
!/.gitattributes
!/.projen/tasks.json
!/.projen/deps.json
!/.projen/files.json
",
  ".projen/files.json": Object {
    "//": "~~ Generated by projen. To modify, edit .projenrc.js and run \\"npx projen\\".",
    "files": Array [
      ".gitattributes",
      ".gitignore",
      ".projen/deps.json",
      ".projen/files.json",
      ".projen/tasks.json",
    ],
  },
  ".projen/tasks.json": Object {
    "//": "~~ Generated by projen. To modify, edit .projenrc.js and run \\"npx projen\\".",
    "tasks": Object {
      "build": Object {
        "description": "Full release build",
        "name": "build",
        "steps": Array [
          Object {
            "spawn": "default",
          },
          Object {
            "spawn": "pre-compile",
          },
          Object {
            "spawn": "compile",
          },
          Object {
            "spawn": "post-compile",
          },
          Object {
            "spawn": "test",
          },
          Object {
            "spawn": "package",
          },
        ],
      },
      "compile": Object {
        "description": "Only compile",
        "name": "compile",
      },
      "default": Object {
        "description": "Synthesize project files",
        "name": "default",
      },
      "eject": Object {
        "description": "Remove projen from the project",
        "env": Object {
          "PROJEN_EJECTING": "true",
        },
        "name": "eject",
        "steps": Array [
          Object {
            "spawn": "default",
          },
        ],
      },
      "package": Object {
        "description": "Creates the distribution package",
        "name": "package",
      },
      "post-compile": Object {
        "description": "Runs after successful compilation",
        "name": "post-compile",
      },
      "pre-compile": Object {
        "description": "Prepare the project for compilation",
        "name": "pre-compile",
      },
      "test": Object {
        "description": "Run tests",
        "name": "test",
      },
    },
  },
  "plantuml/.openapi-generator-ignore": "# OpenAPI Generator Ignore
# Generated by openapi-generator https://github.com/openapitools/openapi-generator

# Use this file to prevent files from being overwritten by the generator.
# The patterns follow closely to .gitignore or .dockerignore.

# As an example, the C# client generator defines ApiClient.cs.
# You can make changes and tell OpenAPI Generator to ignore just this file by uncommenting the following line:
#ApiClient.cs

# You can match any string of characters against a directory, file or extension with a single asterisk (*):
#foo/*/qux
# The above matches foo/bar/qux and foo/baz/qux, but not foo/bar/baz/qux

# You can recursively match patterns against a directory, file or extension with a double asterisk (**):
#foo/**/qux
# This matches foo/bar/qux, foo/baz/qux, and foo/bar/baz/qux

# You can also negate patterns with an exclamation (!).
# For example, you can ignore all files in a docs folder with the file extension .md:
#docs/*.md
# Then explicitly reverse the ignore rule for a single file:
#!docs/README.md
",
  "plantuml/.openapi-generator/FILES": ".openapi-generator-ignore
schemas.plantuml
",
  "plantuml/.openapi-generator/VERSION": "6.3.0",
  "plantuml/schemas.plantuml": "@startuml

title Example API Schemas Diagram

entity ApiError {
    * errorMessage: String
}

entity TestRequest {
    myInput: BigDecimal
}

entity TestResponse {
    * messages: List<TestResponseMessagesInner>
}

entity TestResponseMessagesInner {
    message: String
    * id: Integer
}


TestResponse -- \\"0..*\\" TestResponseMessagesInner : messages

@enduml",
}
`;
