// Jest Snapshot v1, https://goo.gl/fbAQLP

exports[`Generate Mock Data Unit Tests Generates Mock Data 1`] = `
{
  "mocks/delete-without-operation-id-200.json": {
    "messages": [
      {
        "id": 2359372120326144,
        "message": "canto eaque omnis",
      },
    ],
  },
  "mocks/get-map-response-200.json": {
    "mapProperty": {
      "voluptatibus-0": {
        "a": "cerno tabella cohors",
        "b": "ancilla thorax creptio",
      },
    },
  },
  "mocks/post-multiple-content-types-200.json": "allatus quisquam conventus",
  "mocks/post-path-{pathParam}-200.json": {
    "messages": [
      {
        "id": 2505140957347840,
        "message": "laborum articulus benevolentia",
      },
    ],
  },
  "mocks/post-path-{pathParam}-400.json": {
    "errorMessage": "illo degenero ademptio",
  },
  "mocks/put-any-request-response-200.json": {},
}
`;

exports[`Generate Mock Data Unit Tests Generates Mock Data For Many Data Types 1`] = `
{
  "mocks/get-types-200.json": {
    "myAdditionalProperties": {
      "theatrum-0": [
        14,
        17,
        10,
      ],
      "uberrime-1": [
        10,
        17,
        16,
      ],
    },
    "myAllOf": {
      "first": "arbustum benigne utor",
      "second": "decet aureus conculco",
    },
    "myAnyOf": "necessitatibus acsi candidus",
    "myBool": true,
    "myByte": "c3Blcm5vIGFlZ3JlIGFjcXVpcm8=",
    "myDateArray": [
      "2020-07-11",
    ],
    "myDateTime": "2021-09-20T00:25:04.928Z",
    "myEmail": "Gunner48@yahoo.com",
    "myHostname": "hopeful-pneumonia.org",
    "myInt": 4,
    "myIpv4": "115.87.166.36",
    "myIpv6": "ef26:0b5f:fc73:2969:a0f1:3f5c:4e4d:1feb",
    "myLongMinStringLength": "voluptatibus cerno tabella cohors ancilla thorax creptio allatus quisquam conventus ante talio vorago artificiose decipio unus testimonium texo thalassinus abscido contra delectus cupressus creator nulla eius temporibus corpus audeo demonstro civis urbanus spargo cultellus desidero decet atrox aqua cupiditate tracto avarus velit exercitationem vestrum tristis quaerat audax vita vita uxor currus torqueo desparatus stultus dolore suadeo accendo tui suus provident vulgo sono ascisco defungo antepono cupressus corrupti quos suadeo timidus abbas spiritus corporis ubi adsum temporibus testimonium vitium consectetur admoveo subvenio est deprecator spiritus voluptas tamquam tubineus fugit pel celo magni tum vulpes tabesco caterva undique accedo cognomen alienus peior vigor charisma voluptate vacuus deprecator civis confugo dolor supra arca abstergo sto temporibus valetudo speciosus fugiat aufero tener sophismata degero vere sopor arx itaque verbum texo communis utilis subseco universe cena cohaero earum vomer atrocitas supra delibero degenero deduco spectaculum crustulum vae textor denuncio depromo cupio surculus adsum textus studio consequuntur abundans verbera corpus summisse officiis velit denego curia balbus delibero somnus ventito volup recusandae deleo expedita accusantium capio celo vindico eveniet laboriosam arceo templum despecto canto coerceo curtus crapula cruentus vulariter dolorem theatrum antea bonus statua laudantium acsi sollicito canis sui tabgo error victus comprehendo placeat ager cumque corona ultra abundans vulgivagus quod clementia strues cribro tandem subnecto cado consuasor brevis addo cribro conscendo deporto deorsum aveho administratio confido veritas usus surgo demergo ter aranea alo vir adfero surgo caveo clarus antea abbas capio conduco statim tyrannus denique comptus video deficio nobis caelestis audax tres audentia voco confido ademptio damnatio bos aestus certus repellat aegrus adsum degero supra conor solutio complectus absorbeo thymum tenax ullus confido tabella tergeo maiores condico thalassinus nisi aspicio astrum considero tyrannus valens cerno pauci tam tersus magnam quas velut velum infit avaritia acies triduana aggero maxime vis paens defleo triumphus arceo aliquid spero subiungo quia cum inventore velum ventosus sono velociter tabernus celebrer adicio super terebro deorsum tabesco cicuta spiritus adsum cursim bardus enim rerum adhuc circumvenio veniam decipio vitiosus coniuratio cerno desidero vivo sollers decor vir apud ademptio dolorem iure suffoco saepe comitatus articulus cerno sursum ver cras pauci doloremque demergo nesciunt strenuus tutis depromo subvenio tutamen quo peior admoneo creta adipisci vigilo eveniet cervus terra cursus succedo talio auxilium via cernuus coaegresco bibo quidem cumque ademptio sollers provident cerno sumo cicuta vitiosus terminatio articulus ulterius quisquam incidunt paulatim surculus undique damnatio tum tracto pecto tredecim una acceptus est tabella adinventitias sunt atavus super substantia terror defleo viduo administratio solus cedo audeo subito sto suffoco vulariter quaerat vergo alter uredo abutor adipiscor suadeo absens cornu tamquam tonsor tabella verus suggero adeptio aro auditor angustus usque arto ventito trans curis culpo tantum atrox averto quos arto adficio cimentarius alius aestus amoveo nulla strenuus clibanus provident conicio natus temptatio trepide damnatio tamdiu absorbeo calamitas sperno alias cognatus desino corrumpo combibo cruciamentum ceno conduco dolor cauda substantia acceptus venustas sit defetiscor omnis expedita earum tolero cubitum creta vulpes talus ut vorax cura bene cunae nesciunt subiungo suppellex derelinquo appello ver torqueo annus tabula depopulo tam rerum turpis sed tandem unde talio reiciendis sapiente tibi rerum adsuesco tribuo caelum trucido strues brevis timor somniculosus eos attero solium trado ventus addo deficio adeo carpo accusantium nihil similique officiis exercitationem caput acsi ipsam acquiro cum tametsi sed tamisium ratione campana colligo terreo adnuo tutamen conqueror triduana communis itaque beatae stultus suus ter demens tactus quo cum vallum speciosus infit subiungo occaecati tot comparo conscendo adflicto error bestia aureus audentia casus id hic corrigo cogito iusto similique cursim administratio tabesco amo adeo templum corrupti decipio adulatio volubilis stillicidium annus sub contabesco trepide vesica cariosus tubineus repellat volutabrum atrox autus confugo contego cenaculum similique accommodo charisma claustrum adipiscor spargo nobis cognatus audeo deleo testimonium crebro crastinus absens compello caterva soleo tres quibusdam spoliatio color sponte tamisium auxilium culpa vinculum teneo aequitas adinventitias casso verbera via sint comptus defessus cohibeo acerbitas acquiro bellicus caterva placeat validus vestrum in peccatus articulus laudantium dolor cupio conduco tubineus tracto nobis aperte tam beneficium cariosus labore amplus comparo vox impedit adduco adipiscor brevis cernuus cuppedia ascit capto nisi cena adipisci iure auctus pel umquam pectus templum temptatio caelestis bibo deorsum varietas absque solutio volup adipisci adeptio patria depono crapula valeo coniecto taceo avarus earum sumo facere voluptatum caste chirographum verumtamen sollers labore debilito sub damnatio volutabrum amiculum sponte caste dolor ustilo bellum ancilla versus comes aqua sumo eos crastinus vestrum cerno convoco vindico conturbo verbum coerceo pel crastinus vulnus denique vos ancilla utrimque adeo desino tunc tondeo dignissimos theca corrigo atrocitas mollitia pectus adimpleo alter curiositas calco desino arbitro ultio collum ager defessus auditor clibanus corpus laboriosam surculus ut correptius beatae thorax adsuesco atrocitas ver tepesco conforto distinctio turba caterva vicissitudo confido tolero tutamen advenio suspendo culpa est cauda autus sequi verto nam decerno vespillo vergo cruentus quaerat tui ventus statim vereor concido cubitum ciminatio caste sufficio usitas molestias id volup talio bonus clamo canto caritas suasoria coerceo solvo acervus verto suppono vesco temperantia casus arcesso fuga rerum crustulum consectetur aliqua confido certe adiuvo ait incidunt voluptatibus recusandae velum tandem triumphus odit volva video patria crinis sponte summopere brevis ustulo vester adfero adficio stips ratione corrupti adflicto pauper voluptate taedium utique advoco desparatus sol odit tergiversatio cicuta aliquid argumentum demergo tricesimus tabgo apostolus earum apparatus tardus coniecto desidero voveo possimus denuncio statua cohors vigor carus crapula terminatio dolorum arca uterque decens vulgo ustilo vito abutor officia templum conturbo volva casus candidus dolorem taedium explicabo thesaurus tego ut tabernus subito currus bos temporibus aggredior adulescens laboriosam repellendus laboriosam beneficium cubo adfero in thymbra aspernatur cum atavus velit sumo atrox vulnus error thesis ago asperiores comes teres crastinus clamo conitor vestigium aro demergo crapula cubicularis armarium alveus timidus despecto trucido alias suggero stillicidium vehemens apto cimentarius delinquo tamquam carmen nisi xiphias pecto certe virga numquam adflicto accedo antea perferendis carus dolorem commodi denuncio compello culpa expedita valetudo nesciunt auctus ater suadeo callide tergiversatio considero tabernus voluntarius pectus molestiae subseco admoveo caput valde ait vereor verbum spoliatio facilis repellendus carbo cuius turpis benevolentia totam corrigo capitulus vapulus uter adduco",
    "myNot": "quidem advoco utpote",
    "myNotString": {},
    "myNumber": 0.5658850050531328,
    "myOneOf": "victus sto agnosco",
    "myRegexPattern": "5555-pattern-nnn",
    "myString": "laborum articulus benevolentia",
    "myStringLength": "ademp",
    "myUrl": "https://incompatible-diner.info/",
    "myUuid": "19106449-d1d7-4db3-a05e-9b0ad4a56244",
  },
}
`;

exports[`Generate Mock Data Unit Tests Generates Mock Data For Recursive Definitions 1`] = `
{
  "mocks/get-tree-200.json": {},
}
`;

exports[`Generate Mock Data Unit Tests Generates Mock Data For Recursive Definitions With Required Recursive Reference 1`] = `
{
  "mocks/get-tree-200.json": {
    "next": {
      "next": {},
      "number": 2.620246761944145,
    },
    "number": 5.605297528672963,
  },
}
`;
